
> test
> node --import tsx --import ./tests/helpers/test-environment.ts --test --test-concurrency=1 tests/*.test.ts

TAP version 13
# Subtest: offline legacy assignment rejects transferred guests but accepts account-retained profile IDs
ok 1 - offline legacy assignment rejects transferred guests but accepts account-retained profile IDs
  ---
  duration_ms: 8675.973323
  type: 'test'
  ...
# Subtest: isolated smoke admin requires explicit allowlisted fixture identity and authenticates actual admin API
ok 2 - isolated smoke admin requires explicit allowlisted fixture identity and authenticates actual admin API
  ---
  duration_ms: 4669.445628
  type: 'test'
  ...
# Subtest: registration claims guest campaigns; old guest token loses authority and logout is empty
ok 3 - registration claims guest campaigns; old guest token loses authority and logout is empty
  ---
  duration_ms: 3648.867416
  type: 'test'
  ...
# Subtest: login never adopts; explicit adoption transfers once without copying settings
ok 4 - login never adopts; explicit adoption transfers once without copying settings
  ---
  duration_ms: 2917.290231
  type: 'test'
  ...
# Subtest: concurrent claims yield exactly one account and consumed credential cannot claim again
ok 5 - concurrent claims yield exactly one account and consumed credential cannot claim again
  ---
  duration_ms: 2883.244557
  type: 'test'
  ...
# Subtest: logout-all and password change revoke sessions on other devices without positive cache
ok 6 - logout-all and password change revoke sessions on other devices without positive cache
  ---
  duration_ms: 3683.176767
  type: 'test'
  ...
# Subtest: database rate limit survives service instances and changed usernames
ok 7 - database rate limit survives service instances and changed usernames
  ---
  duration_ms: 2535.202894
  type: 'test'
  ...
# Subtest: expired sessions and a deleted account never revive a consumed guest credential
ok 8 - expired sessions and a deleted account never revive a consumed guest credential
  ---
  duration_ms: 2602.246203
  type: 'test'
  ...
# Subtest: login with an old password cannot create a session after a concurrent password change
ok 9 - login with an old password cannot create a session after a concurrent password change
  ---
  duration_ms: 3262.018299
  type: 'test'
  ...
# Subtest: auth origin is mandatory and admin permission only comes from exact account ID allowlist
ok 10 - auth origin is mandatory and admin permission only comes from exact account ID allowlist
  ---
  duration_ms: 25.512536
  type: 'test'
  ...
# Subtest: versioned scrypt hashes verify with explicit bounded work factors and reject hostile cost fields
ok 11 - versioned scrypt hashes verify with explicit bounded work factors and reject hostile cost fields
  ---
  duration_ms: 774.722513
  type: 'test'
  ...
# Subtest: ready phrases append without losing an unfinished draft or exceeding the action limit
ok 12 - ready phrases append without losing an unfinished draft or exceeding the action limit
  ---
  duration_ms: 1.270843
  type: 'test'
  ...
# Subtest: typing a name suggests real known entities and excludes unseen places and distant objects
ok 13 - typing a name suggests real known entities and excludes unseen places and distant objects
  ---
  duration_ms: 10.098381
  type: 'test'
  ...
# Subtest: completion replaces just the partial name at the caret and preserves the rest of the draft
ok 14 - completion replaces just the partial name at the caret and preserves the rest of the draft
  ---
  duration_ms: 1.02667
  type: 'test'
  ...
# Subtest: completion refuses overlong drafts and offers no one-character or already complete names
ok 15 - completion refuses overlong drafts and offers no one-character or already complete names
  ---
  duration_ms: 0.364584
  type: 'test'
  ...
# Subtest: action classification matches only trimmed current choices
ok 16 - action classification matches only trimmed current choices
  ---
  duration_ms: 2.033013
  type: 'test'
  ...
# Subtest: pending turns retain their original routing flag even if text now matches
ok 17 - pending turns retain their original routing flag even if text now matches
  ---
  duration_ms: 0.437844
  type: 'test'
  ...
# Subtest: plain observation does not require a check solely because scene danger is high
ok 18 - plain observation does not require a check solely because scene danger is high
  ---
  duration_ms: 2.345287
  type: 'test'
  ...
# Subtest: contested observations and ambiguous actions preserve authoritative checks
ok 19 - contested observations and ambiguous actions preserve authoritative checks
  ---
  duration_ms: 2.456187
  type: 'test'
  ...
# Subtest: a check retains the player's exact goal independently of model narration
ok 20 - a check retains the player's exact goal independently of model narration
  ---
  duration_ms: 0.423494
  type: 'test'
  ...
# Subtest: direct system/developer handlers deny guest and normal account before diagnostics or malformed-body effects
ok 21 - direct system/developer handlers deny guest and normal account before diagnostics or malformed-body effects
  ---
  duration_ms: 4213.711174
  type: 'test'
  ...
# Subtest: only allowlisted administrators can select a catalogued image model for future visuals
ok 22 - only allowlisted administrators can select a catalogued image model for future visuals
  ---
  duration_ms: 3403.567817
  type: 'test'
  ...
# Subtest: admin role preserves ownership on diagnostics and personal settings remain usable by guests
ok 23 - admin role preserves ownership on diagnostics and personal settings remain usable by guests
  ---
  duration_ms: 3797.98362
  type: 'test'
  ...
# Subtest: real worker extraction never invokes old enabled Jev pilot for a non-admin owner
ok 24 - real worker extraction never invokes old enabled Jev pilot for a non-admin owner
  ---
  duration_ms: 3337.272388
  type: 'test'
  ...
# Subtest: worker config ignores old enabled Jev settings for guests/non-admin and rechecks allowlist
ok 25 - worker config ignores old enabled Jev settings for guests/non-admin and rechecks allowlist
  ---
  duration_ms: 3511.966402
  type: 'test'
  ...
# Subtest: checkpoint forks and public personal copies preserve immutable agreement chains with isolated identities
ok 26 - checkpoint forks and public personal copies preserve immutable agreement chains with isolated identities
  ---
  duration_ms: 4179.450526
  type: 'test'
  ...
# Subtest: getAIConfig decodes Gemini keys without opening unrelated credentials
ok 27 - getAIConfig decodes Gemini keys without opening unrelated credentials
  ---
  duration_ms: 3416.312463
  type: 'test'
  ...
# Subtest: long applied feedback stays compact but every consequence is available in disclosure
ok 28 - long applied feedback stays compact but every consequence is available in disclosure
  ---
  duration_ms: 25.791114
  type: 'test'
  ...
# Subtest: item feedback distinguishes receipt, consumption, removal, equipment and unequipment
ok 29 - item feedback distinguishes receipt, consumption, removal, equipment and unequipment
  ---
  duration_ms: 2.774901
  type: 'test'
  ...
# Subtest: failed inventory changes are not presented as accomplished actions
ok 30 - failed inventory changes are not presented as accomplished actions
  ---
  duration_ms: 0.239929
  type: 'test'
  ...
# Subtest: resource signs and tones reflect gains, losses and danger without a success checkmark
ok 31 - resource signs and tones reflect gains, losses and danger without a success checkmark
  ---
  duration_ms: 0.50735
  type: 'test'
  ...
# Subtest: quest completion and failure use explicit status, not the same progress-only success label
ok 32 - quest completion and failure use explicit status, not the same progress-only success label
  ---
  duration_ms: 0.278067
  type: 'test'
  ...
# Subtest: added and removed conditions are both visible without guessing whether the condition is beneficial
ok 33 - added and removed conditions are both visible without guessing whether the condition is beneficial
  ---
  duration_ms: 0.742439
  type: 'test'
  ...
# Subtest: level-up, near-death recovery and NPC/scene changes retain their meaning
ok 34 - level-up, near-death recovery and NPC/scene changes retain their meaning
  ---
  duration_ms: 0.354006
  type: 'test'
  ...
# Subtest: arc archive retains the latest 32 summaries without mutating prior world
ok 35 - arc archive retains the latest 32 summaries without mutating prior world
  ---
  duration_ms: 3.633311
  type: 'test'
  ...
# Subtest: NARR-9b: continuing after a resolved arc keeps it as canon and starts the chosen shape
ok 36 - NARR-9b: continuing after a resolved arc keeps it as canon and starts the chosen shape
  ---
  duration_ms: 1.485596
  type: 'test'
  ...
# Subtest: ECO-1c: the offline book escapes content, has a table of contents and no active content
ok 37 - ECO-1c: the offline book escapes content, has a table of contents and no active content
  ---
  duration_ms: 3.375533
  type: 'test'
  ...
# Subtest: NARR-3: consequences explain before → after and why; chips show missed meetings and rescheduling
ok 38 - NARR-3: consequences explain before → after and why; chips show missed meetings and rescheduling
  ---
  duration_ms: 1.537156
  type: 'test'
  ...
# Subtest: real auth handlers require origin, issue private cookies, preserve guest on login and clear sessions on logout
ok 39 - real auth handlers require origin, issue private cookies, preserve guest on login and clear sessions on logout
  ---
  duration_ms: 4521.031054
  type: 'test'
  ...
# Subtest: auth handler rate limit cannot be bypassed by changed logins or untrusted forwarded IPs
ok 40 - auth handler rate limit cannot be bypassed by changed logins or untrusted forwarded IPs
  ---
  duration_ms: 3195.425438
  type: 'test'
  ...
# Subtest: each build has a unique identity shared with browser compilation; release override is validated
ok 41 - each build has a unique identity shared with browser compilation; release override is validated
  ---
  duration_ms: 1573.99544
  type: 'test'
  ...
# Subtest: version and worker use compiled identity with no-store and no guest cookie or database access
ok 42 - version and worker use compiled identity with no-store and no guest cookie or database access
  ---
  duration_ms: 11.214272
  type: 'test'
  ...
# Subtest: portable HTTP export is owner-only and import remaps structured data without copying jobs or credentials
ok 43 - portable HTTP export is owner-only and import remaps structured data without copying jobs or credentials
  ---
  duration_ms: 4497.134284
  type: 'test'
  ...
# Subtest: portable failed import leaves neither target nor ledger
ok 44 - portable failed import leaves neither target nor ledger
  ---
  duration_ms: 3145.026593
  type: 'test'
  ...
# Subtest: portable document round-trips representative engine state without runtime ownership
ok 45 - portable document round-trips representative engine state without runtime ownership
  ---
  duration_ms: 162.211199
  type: 'test'
  ...
# Subtest: portable document retains d20 dice, applied changes, and verification evidence
ok 46 - portable document retains d20 dice, applied changes, and verification evidence
  ---
  duration_ms: 5.789236
  type: 'test'
  ...
# Subtest: portable document accepts an archived source
ok 47 - portable document accepts an archived source
  ---
  duration_ms: 8.420394
  type: 'test'
  ...
# Subtest: portable JSON preserves bounded 2.7 life and 2.8 agenda, narrator and condition state
ok 48 - portable JSON preserves bounded 2.7 life and 2.8 agenda, narrator and condition state
  ---
  duration_ms: 5.035658
  type: 'test'
  ...
# Subtest: portable import rejects malformed nested fields and unsafe controls before checksum traversal
ok 49 - portable import rejects malformed nested fields and unsafe controls before checksum traversal
  ---
  duration_ms: 11.34639
  type: 'test'
  ...
# Subtest: portable checksum and agreement provenance reject changed claims
ok 50 - portable checksum and agreement provenance reject changed claims
  ---
  duration_ms: 9.642797
  type: 'test'
  ...
# Subtest: portable import rejects duplicate link IDs even when checksum is recalculated
ok 51 - portable import rejects duplicate link IDs even when checksum is recalculated
  ---
  duration_ms: 4.31753
  type: 'test'
  ...
# Subtest: portable import rejects noncanonical and case-colliding UUID identities
ok 52 - portable import rejects noncanonical and case-colliding UUID identities
  ---
  duration_ms: 5.004455
  type: 'test'
  ...
# Subtest: portable import rejects control fields hidden inside audit metadata
ok 53 - portable import rejects control fields hidden inside audit metadata
  ---
  duration_ms: 3.740396
  type: 'test'
  ...
# Subtest: portable import rejects out-of-range world and memory values with a matching checksum
ok 54 - portable import rejects out-of-range world and memory values with a matching checksum
  ---
  duration_ms: 5.08437
  type: 'test'
  ...
# Subtest: proxy raises the body cap only for the exact import POST path
ok 55 - proxy raises the body cap only for the exact import POST path
  ---
  duration_ms: 127.491269
  type: 'test'
  ...
# Subtest: buildMemoryQuery uses the exact action, location and truncated narration identity
ok 56 - buildMemoryQuery uses the exact action, location and truncated narration identity
  ---
  duration_ms: 1.42141
  type: 'test'
  ...
# Subtest: prewarm batches at most three distinct exact queries
ok 57 - prewarm batches at most three distinct exact queries
  ---
  duration_ms: 1.531084
  type: 'test'
  ...
# Subtest: cache expires entries and stays bounded
ok 58 - cache expires entries and stays bounded
  ---
  duration_ms: 0.65936
  type: 'test'
  ...
# Subtest: in-flight prewarm and retrieval coalesce on the exact key
ok 59 - in-flight prewarm and retrieval coalesce on the exact key
  ---
  duration_ms: 0.508113
  type: 'test'
  ...
# Subtest: failed in-flight work is evicted so retrieval can retry
ok 60 - failed in-flight work is evicted so retrieval can retry
  ---
  duration_ms: 0.671199
  type: 'test'
  ...
# Subtest: retrieval waiting on a failed prewarm retries with its own loader
ok 61 - retrieval waiting on a failed prewarm retries with its own loader
  ---
  duration_ms: 0.617094
  type: 'test'
  ...
# Subtest: retrieval abandons a hung shared prewarm within its wait budget
ok 62 - retrieval abandons a hung shared prewarm within its wait budget
  ---
  duration_ms: 11.760978
  type: 'test'
  ...
# Subtest: speculative pending admission is bounded
ok 63 - speculative pending admission is bounded
  ---
  duration_ms: 0.593897
  type: 'test'
  ...
# Subtest: vector cache does not cache ranked results
ok 64 - vector cache does not cache ranked results
  ---
  duration_ms: 0.674422
  type: 'test'
  ...
# Subtest: preview is retired only after the committed feed has been published
ok 65 - preview is retired only after the committed feed has been published
  ---
  duration_ms: 9.711428
  type: 'test'
  ...
# Subtest: a failed feed publication preserves the visible preview
ok 66 - a failed feed publication preserves the visible preview
  ---
  duration_ms: 2.772182
  type: 'test'
  ...
# Subtest: committed response is visible without waiting for snapshot and deduplicates after reload
ok 67 - committed response is visible without waiting for snapshot and deduplicates after reload
  ---
  duration_ms: 1.6029
  type: 'test'
  ...
# Subtest: confirmed state advances version and choices while bulk panels load in background
ok 68 - confirmed state advances version and choices while bulk panels load in background
  ---
  duration_ms: 1.454321
  type: 'test'
  ...
# Subtest: condition catalog maps free text to bounded modifiers by check scope
ok 69 - condition catalog maps free text to bounded modifiers by check scope
  ---
  duration_ms: 5.00946
  type: 'test'
  ...
# Subtest: serverCheck applies condition modifiers deterministically for d20 and 2d6
ok 70 - serverCheck applies condition modifiers deterministically for d20 and 2d6
  ---
  duration_ms: 3.006645
  type: 'test'
  ...
# Subtest: condition timers register on add and expire by world clock, leaving scene-bound conditions alone
ok 71 - condition timers register on add and expire by world clock, leaving scene-bound conditions alone
  ---
  duration_ms: 2.183495
  type: 'test'
  ...
# Subtest: narrator preferences normalize, stay empty by default and change the prompt only when set
ok 72 - narrator preferences normalize, stay empty by default and change the prompt only when set
  ---
  duration_ms: 1.337633
  type: 'test'
  ...
# Subtest: recap offers itself only after a long break and builds deterministic sections from canon
ok 73 - recap offers itself only after a long break and builds deterministic sections from canon
  ---
  duration_ms: 3.706495
  type: 'test'
  ...
# condition-corpus n=66 precision=1.000 recall=1.000 errors=[]
# Subtest: MECH-4b: fatigue is removed only by real rest, never by a claim
ok 74 - MECH-4b: fatigue is removed only by real rest, never by a claim
  ---
  duration_ms: 7.422639
  type: 'test'
  ...
# Subtest: MECH-4b: hunger needs food from the inventory or a paid meal
ok 75 - MECH-4b: hunger needs food from the inventory or a paid meal
  ---
  duration_ms: 3.480426
  type: 'test'
  ...
# Subtest: MECH-4b: wounds need medicine, a successful medical check, treatment with cost/time, not elapsed time
ok 76 - MECH-4b: wounds need medicine, a successful medical check, treatment with cost/time, not elapsed time
  ---
  duration_ms: 0.997413
  type: 'test'
  ...
# Subtest: MECH-4b: short timed and descriptive conditions are not blocked
ok 77 - MECH-4b: short timed and descriptive conditions are not blocked
  ---
  duration_ms: 0.909309
  type: 'test'
  ...
# Subtest: catalog regressions: ё normalisation and word boundaries
ok 78 - catalog regressions: ё normalisation and word boundaries
  ---
  duration_ms: 0.417962
  type: 'test'
  ...
# Subtest: condition catalog corpus: precision and recall are measured and bounded
ok 79 - condition catalog corpus: precision and recall are measured and bounded
  ---
  duration_ms: 1.48789
  type: 'test'
  ...
# Subtest: portable JSON preserves resource maxima, quest before-state and optional legacy fields
ok 80 - portable JSON preserves resource maxima, quest before-state and optional legacy fields
  ---
  duration_ms: 8.97606
  type: 'test'
  ...
# Subtest: portable resource snapshots reject unknown fields, missing maxima and unbounded numbers
ok 81 - portable resource snapshots reject unknown fields, missing maxima and unbounded numbers
  ---
  duration_ms: 2.52346
  type: 'test'
  ...
# Subtest: consequences preserve both HP maxima and use accepted counters rather than stale deltas
ok 82 - consequences preserve both HP maxima and use accepted counters rather than stale deltas
  ---
  duration_ms: 2.40327
  type: 'test'
  ...
# Subtest: legacy deltas remain readable and quest transitions retain the prior status
ok 83 - legacy deltas remain readable and quest transitions retain the prior status
  ---
  duration_ms: 0.37834
  type: 'test'
  ...
# Subtest: unchanged absolute resource values do not escalate descriptive narration
ok 84 - unchanged absolute resource values do not escalate descriptive narration
  ---
  duration_ms: 0.702711
  type: 'test'
  ...
# Subtest: database search preserves weighted ranking, diversity, isolation and vector validity at every supported dimension
ok 85 - database search preserves weighted ranking, diversity, isolation and vector validity at every supported dimension
  ---
  duration_ms: 3647.8974
  type: 'test'
  ...
# Subtest: SQL hash matches existing JS hashes, including UTF-16 truncation and malformed legacy arrays
ok 86 - SQL hash matches existing JS hashes, including UTF-16 truncation and malformed legacy arrays
  ---
  duration_ms: 3363.677806
  type: 'test'
  ...
# Subtest: invalid query vectors fail before SQL and query values stay parameterized
ok 87 - invalid query vectors fail before SQL and query values stay parameterized
  ---
  duration_ms: 1.597254
  type: 'test'
  ...
# Subtest: complete migration ledger applies twice safely and preserves real[] storage
ok 88 - complete migration ledger applies twice safely and preserves real[] storage
  ---
  duration_ms: 3171.150703
  type: 'test'
  ...
# Subtest: deployment runner applies full journal, skips replay, and applies future entries
ok 89 - deployment runner applies full journal, skips replay, and applies future entries
  ---
  duration_ms: 3815.678223
  type: 'test'
  ...
# Subtest: failed migration rolls back schema and ledger and can be retried
ok 90 - failed migration rolls back schema and ledger and can be retried
  ---
  duration_ms: 2443.073951
  type: 'test'
  ...
# Subtest: deployment runner locks before reading ledger and rolls back lock failures
ok 91 - deployment runner locks before reading ledger and rolls back lock failures
  ---
  duration_ms: 1.056503
  type: 'test'
  ...
# Subtest: documentation checks existing relative links without fetching external URLs or checking anchors
ok 92 - documentation checks existing relative links without fetching external URLs or checking anchors
  ---
  duration_ms: 26.263178
  type: 'test'
  ...
# Subtest: broken links and missing operational npm scripts identify the source document
ok 93 - broken links and missing operational npm scripts identify the source document
  ---
  duration_ms: 17.914039
  type: 'test'
  ...
# Subtest: migration documentation check rejects duplicate tags, missing SQL and non-increasing journal timestamps
ok 94 - migration documentation check rejects duplicate tags, missing SQL and non-increasing journal timestamps
  ---
  duration_ms: 11.151278
  type: 'test'
  ...
# Subtest: valid ledger, angle-bracket links and images are checked with no dependency on working directory
ok 95 - valid ledger, angle-bracket links and images are checked with no dependency on working directory
  ---
  duration_ms: 14.332304
  type: 'test'
  ...
# Subtest: fenced examples accept longer closers and leave later prose links visible
ok 96 - fenced examples accept longer closers and leave later prose links visible
  ---
  duration_ms: 9.230745
  type: 'test'
  ...
# Subtest: too-short and absent fence closers keep subsequent link examples inside the block
ok 97 - too-short and absent fence closers keep subsequent link examples inside the block
  ---
  duration_ms: 7.680175
  type: 'test'
  ...
# Subtest: nested operational documents validate npm commands but historical plans do not
ok 98 - nested operational documents validate npm commands but historical plans do not
  ---
  duration_ms: 13.114667
  type: 'test'
  ...
# Subtest: missing migration journal is rejected
ok 99 - missing migration journal is rejected
  ---
  duration_ms: 9.889269
  type: 'test'
  ...
# Subtest: inline code and escaped link-like examples are not checked as links
ok 100 - inline code and escaped link-like examples are not checked as links
  ---
  duration_ms: 8.109138
  type: 'test'
  ...
# Subtest: v2.5 reading: unknown, partial and hostile input always yield a renderable theme
ok 101 - v2.5 reading: unknown, partial and hostile input always yield a renderable theme
  ---
  duration_ms: 2.374365
  type: 'test'
  ...
# Subtest: v2.5 reading: every declared option round-trips and maps to data attributes
ok 102 - v2.5 reading: every declared option round-trips and maps to data attributes
  ---
  duration_ms: 0.469018
  type: 'test'
  ...
# Subtest: v2.5 map: projects authored coordinates into the viewBox with padding
ok 103 - v2.5 map: projects authored coordinates into the viewBox with padding
  ---
  duration_ms: 0.823696
  type: 'test'
  ...
# Subtest: v2.5 map: identical or single coordinates never divide by zero
ok 104 - v2.5 map: identical or single coordinates never divide by zero
  ---
  duration_ms: 0.393382
  type: 'test'
  ...
# Subtest: v2.5 map: undiscovered places and their edges stay hidden
ok 105 - v2.5 map: undiscovered places and their edges stay hidden
  ---
  duration_ms: 0.357425
  type: 'test'
  ...
# Subtest: v2.5 map: edges dedupe both directions and ignore self-links
ok 106 - v2.5 map: edges dedupe both directions and ignore self-links
  ---
  duration_ms: 0.54578
  type: 'test'
  ...
# Subtest: v2.5 map: danger maps to three honest risk bands
ok 107 - v2.5 map: danger maps to three honest risk bands
  ---
  duration_ms: 0.190427
  type: 'test'
  ...
# Subtest: v2.5 map: edge labels anchor inward and long names are truncated
ok 108 - v2.5 map: edge labels anchor inward and long names are truncated
  ---
  duration_ms: 0.508763
  type: 'test'
  ...
# Subtest: v2.5 map: adjacent labels alternate above and below to avoid collision
ok 109 - v2.5 map: adjacent labels alternate above and below to avoid collision
  ---
  duration_ms: 0.484062
  type: 'test'
  ...
# Subtest: denied admission makes no provider fetch or provider attempt log
ok 110 - denied admission makes no provider fetch or provider attempt log
  ---
  duration_ms: 2.824035
  type: 'test'
  ...
# Subtest: admission database errors fail closed without provider retry
ok 111 - admission database errors fail closed without provider retry
  ---
  duration_ms: 0.448173
  type: 'test'
  ...
# Subtest: stalled quota admission observes cancellation and late approval cannot fetch
ok 112 - stalled quota admission observes cancellation and late approval cannot fetch
  ---
  duration_ms: 5.867668
  type: 'test'
  ...
# Subtest: admission time consumes the overall provider deadline
ok 113 - admission time consumes the overall provider deadline
  ---
  duration_ms: 261.052988
  type: 'test'
  ...
# Subtest: key-specific 400 still tries the second key on the same model
ok 114 - key-specific 400 still tries the second key on the same model
  ---
  duration_ms: 29.800855
  type: 'test'
  ...
# Subtest: overload retries same model before falling back, and alternate key comes first
ok 115 - overload retries same model before falling back, and alternate key comes first
  ---
  duration_ms: 507.46129
  type: 'test'
  ...
# Subtest: stream exposes incremental text, excludes thoughts and measures complete body
ok 116 - stream exposes incremental text, excludes thoughts and measures complete body
  ---
  duration_ms: 43.612142
  type: 'test'
  ...
# Subtest: truncated streams cannot be committed as successful and attempts reset drafts
ok 117 - truncated streams cannot be committed as successful and attempts reset drafts
  ---
  duration_ms: 253.358528
  type: 'test'
  ...
# Subtest: settings request admitted as account cannot silently retarget guest after logout during body read
ok 118 - settings request admitted as account cannot silently retarget guest after logout during body read
  ---
  duration_ms: 4140.861794
  type: 'test'
  ...
# Subtest: workspace request admitted as account cannot silently retarget guest after logout during body read
ok 119 - workspace request admitted as account cannot silently retarget guest after logout during body read
  ---
  duration_ms: 3351.677947
  type: 'test'
  ...
# Subtest: developer settings admitted as admin cannot retarget guest after logout during body read
ok 120 - developer settings admitted as admin cannot retarget guest after logout during body read
  ---
  duration_ms: 3338.619964
  type: 'test'
  ...
# Subtest: new inventory can be equipped and stacked in the same turn using one generated identity
ok 121 - new inventory can be equipped and stacked in the same turn using one generated identity
  ---
  duration_ms: 8.491323
  type: 'test'
  ...
# Subtest: an independent acquisition after failure is only a provisional candidate for mandatory verification
ok 122 - an independent acquisition after failure is only a provisional candidate for mandatory verification
  ---
  duration_ms: 1.510326
  type: 'test'
  ...
# Subtest: same-turn acquired items can be removed once and failed acquisition cannot be equipped
ok 123 - same-turn acquired items can be removed once and failed acquisition cannot be equipped
  ---
  duration_ms: 1.060495
  type: 'test'
  ...
# Subtest: reacquiring a removed item creates a fresh row instead of updating a deleted identity
ok 124 - reacquiring a removed item creates a fresh row instead of updating a deleted identity
  ---
  duration_ms: 1.685324
  type: 'test'
  ...
# Subtest: hidden item identity is normalized and bound to retry identity
ok 125 - hidden item identity is normalized and bound to retry identity
  ---
  duration_ms: 2.654923
  type: 'test'
  ...
# Subtest: selected item pins exact duplicate-name item and invalid owned refs fail closed
ok 126 - selected item pins exact duplicate-name item and invalid owned refs fail closed
  ---
  duration_ms: 8.888169
  type: 'test'
  ...
# Subtest: evaluation routing passes choices and prunes known empty scopes like runtime
ok 127 - evaluation routing passes choices and prunes known empty scopes like runtime
  ---
  duration_ms: 3.402
  type: 'test'
  ...
# Subtest: evaluation separates coverage, selective risk and unavailable from success
ok 128 - evaluation separates coverage, selective risk and unavailable from success
  ---
  duration_ms: 0.660229
  type: 'test'
  ...
# Subtest: zero observed errors still has a nonzero confidence interval
ok 129 - zero observed errors still has a nonzero confidence interval
  ---
  duration_ms: 0.312263
  type: 'test'
  ...
# Subtest: ranking gives credit to contradictions as relevant evidence and handles ties deterministically
ok 130 - ranking gives credit to contradictions as relevant evidence and handles ties deterministically
  ---
  duration_ms: 1.189765
  type: 'test'
  ...
# Subtest: mixed primitive parser preserves distribution and does not invent Noul confidence
ok 131 - mixed primitive parser preserves distribution and does not invent Noul confidence
  ---
  duration_ms: 0.823446
  type: 'test'
  ...
# Subtest: malformed primitive responses cannot become useful measurements
ok 132 - malformed primitive responses cannot become useful measurements
  ---
  duration_ms: 2.260156
  type: 'test'
  ...
# Subtest: research variants retain explicit labels and do not leak them into requests
ok 133 - research variants retain explicit labels and do not leak them into requests
  ---
  duration_ms: 2.908403
  type: 'test'
  ...
# Subtest: binary support never converts absence of evidence into a contradiction
ok 134 - binary support never converts absence of evidence into a contradiction
  ---
  duration_ms: 0.509164
  type: 'test'
  ...
# Subtest: UTF-8 byte budgets reject Cyrillic payloads before transport
ok 135 - UTF-8 byte budgets reject Cyrillic payloads before transport
  ---
  duration_ms: 2.009331
  type: 'test'
  ...
# Subtest: usage observer failure does not erase a valid decision or its usage
ok 136 - usage observer failure does not erase a valid decision or its usage
  ---
  duration_ms: 2.375219
  type: 'test'
  ...
# Subtest: asynchronous usage observer failure is contained without delaying the answer
ok 137 - asynchronous usage observer failure is contained without delaying the answer
  ---
  duration_ms: 7.183742
  type: 'test'
  ...
# Subtest: replay is bound to task version and request hash, and returns detached responses
ok 138 - replay is bound to task version and request hash, and returns detached responses
  ---
  duration_ms: 3.107568
  type: 'test'
  ...
# Subtest: inherited answer keys cannot satisfy provider coverage
ok 139 - inherited answer keys cannot satisfy provider coverage
  ---
  duration_ms: 0.515209
  type: 'test'
  ...
# Subtest: recording rejects mismatched task metadata before contacting provider
ok 140 - recording rejects mismatched task metadata before contacting provider
  ---
  duration_ms: 0.613827
  type: 'test'
  ...
# Subtest: runJevTask returns typed answers with usage, snapshot version and never throws on transport failures
ok 141 - runJevTask returns typed answers with usage, snapshot version and never throws on transport failures
  ---
  duration_ms: 1.665469
  type: 'test'
  ...
# Subtest: missing key, empty coverage, oversized input and invalid responses are distinct unavailable reasons
ok 142 - missing key, empty coverage, oversized input and invalid responses are distinct unavailable reasons
  ---
  duration_ms: 1.50337
  type: 'test'
  ...
# Subtest: timeouts and external cancellation are reported explicitly
ok 143 - timeouts and external cancellation are reported explicitly
  ---
  duration_ms: 11.769355
  type: 'test'
  ...
# Subtest: server policy: insufficient label or low confidence never becomes acceptance; absence is unavailable
ok 144 - server policy: insufficient label or low confidence never becomes acceptance; absence is unavailable
  ---
  duration_ms: 0.957185
  type: 'test'
  ...
# Subtest: narrative verifier keeps its contract while running through the shared task layer
ok 145 - narrative verifier keeps its contract while running through the shared task layer
  ---
  duration_ms: 1.191376
  type: 'test'
  ...
# Subtest: memory fact verification maps the shared outcome back to the pilot report
ok 146 - memory fact verification maps the shared outcome back to the pilot report
  ---
  duration_ms: 0.908674
  type: 'test'
  ...
# Subtest: mechanics shadow task asks about recipient, schedule time and NPC knowledge; heuristic decisions are recorded
ok 147 - mechanics shadow task asks about recipient, schedule time and NPC knowledge; heuristic decisions are recorded
  ---
  duration_ms: 1.961444
  type: 'test'
  ...
# Subtest: shadow comparison flags disagreement when the model says another person received the cure, and never mutates input
ok 148 - shadow comparison flags disagreement when the model says another person received the cure, and never mutates input
  ---
  duration_ms: 2.386333
  type: 'test'
  ...
# Subtest: shadow reports incomplete coverage and rejects malformed distributions
ok 149 - shadow reports incomplete coverage and rejects malformed distributions
  ---
  duration_ms: 1.54211
  type: 'test'
  ...
# Subtest: external narrator credentials count as owned secrets and are rebound on profile import
ok 150 - external narrator credentials count as owned secrets and are rebound on profile import
  ---
  duration_ms: 4.041615
  type: 'test'
  ...
# Subtest: legacy settings credentials are decrypted under the source owner and resealed for the target owner
ok 151 - legacy settings credentials are decrypted under the source owner and resealed for the target owner
  ---
  duration_ms: 2.244858
  type: 'test'
  ...
# Subtest: legacy plaintext import requires explicit permission and malformed data is rejected safely
ok 152 - legacy plaintext import requires explicit permission and malformed data is rejected safely
  ---
  duration_ms: 1.045133
  type: 'test'
  ...
# Subtest: narrative credentials count as target credentials and abort an isolated transaction
ok 153 - narrative credentials count as target credentials and abort an isolated transaction
  ---
  duration_ms: 3160.366649
  type: 'test'
  ...
# Subtest: map discovery parser keeps legacy location and normalizes optional plural topology
ok 154 - map discovery parser keeps legacy location and normalizes optional plural topology
  ---
  duration_ms: 4.624075
  type: 'test'
  ...
# Subtest: map discovery parser ignores null and scalar topology entries
ok 155 - map discovery parser ignores null and scalar topology entries
  ---
  duration_ms: 0.412238
  type: 'test'
  ...
# Subtest: reducer discovers several places with unique IDs/positions and writes only explicit routes
ok 156 - reducer discovers several places with unique IDs/positions and writes only explicit routes
  ---
  duration_ms: 5.651697
  type: 'test'
  ...
# Subtest: reducer records successful movement as a bidirectional route
ok 157 - reducer records successful movement as a bidirectional route
  ---
  duration_ms: 0.567324
  type: 'test'
  ...
# Subtest: movement resolves an explicit ID before comparing duplicate location names
ok 158 - movement resolves an explicit ID before comparing duplicate location names
  ---
  duration_ms: 0.520854
  type: 'test'
  ...
# Subtest: first reveal of an existing hidden location emits canonical discovery memory once
ok 159 - first reveal of an existing hidden location emits canonical discovery memory once
  ---
  duration_ms: 0.719527
  type: 'test'
  ...
# Subtest: reducer rejects foreign IDs and ambiguous names without inventing a route
ok 160 - reducer rejects foreign IDs and ambiguous names without inventing a route
  ---
  duration_ms: 0.698269
  type: 'test'
  ...
# Subtest: movement by an explicit foreign location reference fails closed
ok 161 - movement by an explicit foreign location reference fails closed
  ---
  duration_ms: 0.606889
  type: 'test'
  ...
# Subtest: location executor persists both directions without duplicates
ok 162 - location executor persists both directions without duplicates
  ---
  duration_ms: 1.666385
  type: 'test'
  ...
# Subtest: direct map consumers receive discovered locations only
ok 163 - direct map consumers receive discovered locations only
  ---
  duration_ms: 0.682256
  type: 'test'
  ...
# Subtest: state event selection keeps the latest semantic facts under a busy-turn cap
ok 164 - state event selection keeps the latest semantic facts under a busy-turn cap
  ---
  duration_ms: 1.642675
  type: 'test'
  ...
# Subtest: state event batch shares lock/config and writes embedding outbox once
ok 165 - state event batch shares lock/config and writes embedding outbox once
  ---
  duration_ms: 2.811624
  type: 'test'
  ...
# Subtest: evaluation has fixed labels, unique documents and nested corpus sizes
ok 166 - evaluation has fixed labels, unique documents and nested corpus sizes
  ---
  duration_ms: 35.349593
  type: 'test'
  ...
# Subtest: recall and reciprocal rank do not count duplicate hits twice
ok 167 - recall and reciprocal rank do not count duplicate hits twice
  ---
  duration_ms: 0.359559
  type: 'test'
  ...
# Subtest: retrieval uses SQL after migration, uses old reader before migration, and never falls back on SQL failure
ok 168 - retrieval uses SQL after migration, uses old reader before migration, and never falls back on SQL failure
  ---
  duration_ms: 3621.822184
  type: 'test'
  ...
# Subtest: proposal parser bounds payloads and preserves rejected evidence instead of silently accepting malformed terms
ok 169 - proposal parser bounds payloads and preserves rejected evidence instead of silently accepting malformed terms
  ---
  duration_ms: 1.570507
  type: 'test'
  ...
# Subtest: player intention cannot accept or fulfill a contract and new fulfilled history cannot be invented
ok 170 - player intention cannot accept or fulfill a contract and new fulfilled history cannot be invented
  ---
  duration_ms: 1.057873
  type: 'test'
  ...
# Subtest: revisions preserve original object and reject unknown foreign stale and future references
ok 171 - revisions preserve original object and reject unknown foreign stale and future references
  ---
  duration_ms: 0.917185
  type: 'test'
  ...
# Subtest: journal enforces append-only session scoped history, final source binding, chain integrity and atomic rollback
ok 172 - journal enforces append-only session scoped history, final source binding, chain integrity and atomic rollback
  ---
  duration_ms: 3428.672162
  type: 'test'
  ...
# Subtest: diagnostic payloads omit credential fields, bound details and disclose truncation
ok 173 - diagnostic payloads omit credential fields, bound details and disclose truncation
  ---
  duration_ms: 17.343739
  type: 'test'
  ...
# Subtest: diagnostic migration permits repeated request attempts and deletes private history with campaign
ok 174 - diagnostic migration permits repeated request attempts and deletes private history with campaign
  ---
  duration_ms: 3103.041588
  type: 'test'
  ...
# Subtest: evaluation distinguishes unsafe acceptance, false rejection, abstention and availability
ok 175 - evaluation distinguishes unsafe acceptance, false rejection, abstention and availability
  ---
  duration_ms: 1.74117
  type: 'test'
  ...
# Subtest: Russian synthetic corpus covers guarded cases and descriptive safe bypasses
ok 176 - Russian synthetic corpus covers guarded cases and descriptive safe bypasses
  ---
  duration_ms: 3.305016
  type: 'test'
  ...
# Subtest: evidence search migration indexes existing text and follows content edits
ok 177 - evidence search migration indexes existing text and follows content edits
  ---
  duration_ms: 3233.28561
  type: 'test'
  ...
# Subtest: historical evidence retrieves original deal beyond recent history and excludes other campaigns/future
ok 178 - historical evidence retrieves original deal beyond recent history and excludes other campaigns/future
  ---
  duration_ms: 2552.873329
  type: 'test'
  ...
# Subtest: historical verification authority is bound to exact text and does not survive edits
ok 179 - historical verification authority is bound to exact text and does not survive edits
  ---
  duration_ms: 0.995488
  type: 'test'
  ...
# Subtest: review authority belongs only to the same final uncertain draft and exact saved text
ok 180 - review authority belongs only to the same final uncertain draft and exact saved text
  ---
  duration_ms: 0.638358
  type: 'test'
  ...
# Subtest: snapshot preserves evidence text/hash and marks disputed or truncated narrator evidence
ok 181 - snapshot preserves evidence text/hash and marks disputed or truncated narrator evidence
  ---
  duration_ms: 0.539763
  type: 'test'
  ...
# Subtest: evidence queries bind action and IDs rather than interpolating raw input
ok 182 - evidence queries bind action and IDs rather than interpolating raw input
  ---
  duration_ms: 0.550294
  type: 'test'
  ...
# Subtest: original evidence remains retrievable and bounded with 100, 1000 and 10000 historical turns
ok 183 - original evidence remains retrievable and bounded with 100, 1000 and 10000 historical turns
  ---
  duration_ms: 16517.359384
  type: 'test'
  ...
# 100 turns, lexical retrieval: 7.9 ms (local PGlite)
# 100 turns, source reference: 9.2 ms (local PGlite)
# 1000 turns, lexical retrieval: 9.7 ms (local PGlite)
# 1000 turns, source reference: 43.2 ms (local PGlite)
# 10000 turns, lexical retrieval: 66.8 ms (local PGlite)
# 10000 turns, source reference: 351.0 ms (local PGlite)
# Subtest: player is present before streaming starts and both rows retain identity through commit and DB refresh
ok 184 - player is present before streaming starts and both rows retain identity through commit and DB refresh
  ---
  duration_ms: 2.464768
  type: 'test'
  ...
# Subtest: overlapping history pages deduplicate logical turns without collapsing different sessions
ok 185 - overlapping history pages deduplicate logical turns without collapsing different sessions
  ---
  duration_ms: 0.353315
  type: 'test'
  ...
# Subtest: polling cannot move streamed progress backward or reopen a completed request
ok 186 - polling cannot move streamed progress backward or reopen a completed request
  ---
  duration_ms: 23.115798
  type: 'test'
  ...
# Subtest: guarded schema places complete metadata before narration
ok 187 - guarded schema places complete metadata before narration
  ---
  duration_ms: 1.127443
  type: 'test'
  ...
# Subtest: only descriptive sentences stream; dice, automatic XP, consequences and invalid headers hold text
ok 188 - only descriptive sentences stream; dice, automatic XP, consequences and invalid headers hold text
  ---
  duration_ms: 6.000735
  type: 'test'
  ...
# Subtest: repair accepts prose and choices only, refusing attempted state rewrites
ok 189 - repair accepts prose and choices only, refusing attempted state rewrites
  ---
  duration_ms: 1.364083
  type: 'test'
  ...
# Subtest: rejected draft is repaired once against frozen state and choices change together
ok 190 - rejected draft is repaired once against frozen state and choices change together
  ---
  duration_ms: 4.983572
  type: 'test'
  ...
# Subtest: unavailable verifier and expired deadline cannot publish a critical draft
ok 191 - unavailable verifier and expired deadline cannot publish a critical draft
  ---
  duration_ms: 1.265386
  type: 'test'
  ...
# Subtest: late escalation cannot replace already emitted prose with a different story
ok 192 - late escalation cannot replace already emitted prose with a different story
  ---
  duration_ms: 1.947222
  type: 'test'
  ...
# Subtest: repair cannot manufacture evidence for a supposedly independent acquisition
ok 193 - repair cannot manufacture evidence for a supposedly independent acquisition
  ---
  duration_ms: 0.673042
  type: 'test'
  ...
# Subtest: empty proposal is still material when reducer adds XP or flags change
ok 194 - empty proposal is still material when reducer adds XP or flags change
  ---
  duration_ms: 0.576913
  type: 'test'
  ...
# Subtest: repair and verifier cannot mutate the authoritative reducer snapshot
ok 195 - repair and verifier cannot mutate the authoritative reducer snapshot
  ---
  duration_ms: 0.952541
  type: 'test'
  ...
# Subtest: a verified response arriving after the deadline cannot authorize saving
ok 196 - a verified response arriving after the deadline cannot authorize saving
  ---
  duration_ms: 0.557055
  type: 'test'
  ...
# Subtest: plain description skips remote calls, whereas provider exceptions fail closed
ok 197 - plain description skips remote calls, whereas provider exceptions fail closed
  ---
  duration_ms: 0.507923
  type: 'test'
  ...
# Subtest: empty scopes are omitted, then repaired choices are checked without losing historical checks
ok 198 - empty scopes are omitted, then repaired choices are checked without losing historical checks
  ---
  duration_ms: 1.17097
  type: 'test'
  ...
# Subtest: unknown or nonempty agreement scope retains the agreement check
ok 199 - unknown or nonempty agreement scope retains the agreement check
  ---
  duration_ms: 1.294558
  type: 'test'
  ...
# Subtest: an optional review can resolve uncertainty against the same frozen draft without repair
ok 200 - an optional review can resolve uncertainty against the same frozen draft without repair
  ---
  duration_ms: 2.37596
  type: 'test'
  ...
# Subtest: review does not override a confident rejection or rescue an expired deadline
ok 201 - review does not override a confident rejection or rescue an expired deadline
  ---
  duration_ms: 0.959047
  type: 'test'
  ...
# Subtest: malformed review cannot approve and its rejection is supplied to the single repair
ok 202 - malformed review cannot approve and its rejection is supplied to the single repair
  ---
  duration_ms: 1.811896
  type: 'test'
  ...
# Subtest: both uncertain drafts get separate reviews with exactly one repair
ok 203 - both uncertain drafts get separate reviews with exactly one repair
  ---
  duration_ms: 1.812073
  type: 'test'
  ...
# Subtest: offline narration describes accepted inventory and exact resource deltas only
ok 204 - offline narration describes accepted inventory and exact resource deltas only
  ---
  duration_ms: 1.385661
  type: 'test'
  ...
# Subtest: ordinary description skips provider checks but missing/invalid declarations do not
ok 205 - ordinary description skips provider checks but missing/invalid declarations do not
  ---
  duration_ms: 4.044907
  type: 'test'
  ...
# Subtest: failed pants acquisition selects outcome and accepted-state checks, independent of declaration
ok 206 - failed pants acquisition selects outcome and accepted-state checks, independent of declaration
  ---
  duration_ms: 0.436499
  type: 'test'
  ...
# Subtest: historical references in action or prose require independent-source checks
ok 207 - historical references in action or prose require independent-source checks
  ---
  duration_ms: 0.490982
  type: 'test'
  ...
# Subtest: unlisted consequential prose escalates even when the model declares only description
ok 208 - unlisted consequential prose escalates even when the model declares only description
  ---
  duration_ms: 0.282803
  type: 'test'
  ...
# Subtest: a harmless description cannot bypass checks on consequential choices and accepted notes
ok 209 - a harmless description cannot bypass checks on consequential choices and accepted notes
  ---
  duration_ms: 0.237112
  type: 'test'
  ...
# Subtest: checks are bounded, independently answerable and never trust narration as historical proof
ok 210 - checks are bounded, independently answerable and never trust narration as historical proof
  ---
  duration_ms: 0.651831
  type: 'test'
  ...
# Subtest: independent acquisition criteria require positive evidence even when narration omits the item
ok 211 - independent acquisition criteria require positive evidence even when narration omits the item
  ---
  duration_ms: 0.332475
  type: 'test'
  ...
# Subtest: review accepts only complete decisions with references matching immutable state
ok 212 - review accepts only complete decisions with references matching immutable state
  ---
  duration_ms: 3.436725
  type: 'test'
  ...
# Subtest: wrong question IDs, duplicate decisions and invented evidence cannot approve a draft
ok 213 - wrong question IDs, duplicate decisions and invented evidence cannot approve a draft
  ---
  duration_ms: 0.940231
  type: 'test'
  ...
# Subtest: duplicate JSON keys and extra response fields are rejected
ok 214 - duplicate JSON keys and extra response fields are rejected
  ---
  duration_ms: 0.300029
  type: 'test'
  ...
# Subtest: a request or unverified narration cannot establish a historical contradiction
ok 215 - a request or unverified narration cannot establish a historical contradiction
  ---
  duration_ms: 0.80383
  type: 'test'
  ...
# Subtest: confirmed history can establish a contradiction but current candidates and future sources cannot
ok 216 - confirmed history can establish a contradiction but current candidates and future sources cannot
  ---
  duration_ms: 0.61185
  type: 'test'
  ...
# Subtest: independent acquisition approval requires a citation outside the draft and provisional changes
ok 217 - independent acquisition approval requires a citation outside the draft and provisional changes
  ---
  duration_ms: 0.395879
  type: 'test'
  ...
# Subtest: path-only citations are filled from the frozen snapshot, without model-rewritten JSON
ok 218 - path-only citations are filled from the frozen snapshot, without model-rewritten JSON
  ---
  duration_ms: 0.742715
  type: 'test'
  ...
# Subtest: multiple checks can cite the same maximum-length draft without exhausting evidence coverage
ok 219 - multiple checks can cite the same maximum-length draft without exhausting evidence coverage
  ---
  duration_ms: 1.03965
  type: 'test'
  ...
# Subtest: no accepted operation is lack of support, not evidence that the opposite happened
ok 220 - no accepted operation is lack of support, not evidence that the opposite happened
  ---
  duration_ms: 1.15722
  type: 'test'
  ...
# Subtest: default checking uses personal then administrator credentials and skips when neither exists
ok 221 - default checking uses personal then administrator credentials and skips when neither exists
  ---
  duration_ms: 1.625782
  type: 'test'
  ...
# Subtest: narrative credentials skip without keys and never borrow shadow or Gemini credentials
ok 222 - narrative credentials skip without keys and never borrow shadow or Gemini credentials
  ---
  duration_ms: 1.153265
  type: 'test'
  ...
# Subtest: public settings expose readiness and provider model without raw credentials
ok 223 - public settings expose readiness and provider model without raw credentials
  ---
  duration_ms: 0.230748
  type: 'test'
  ...
# Subtest: settings updates reject invalid inputs and clear credentials on provider change
ok 224 - settings updates reject invalid inputs and clear credentials on provider change
  ---
  duration_ms: 1.125111
  type: 'test'
  ...
# Subtest: additive migration preserves existing credentials and enables verification preference by default
ok 225 - additive migration preserves existing credentials and enables verification preference by default
  ---
  duration_ms: 3156.904628
  type: 'test'
  ...
# Subtest: settings endpoint rejects malformed or oversized bodies before any storage access
ok 226 - settings endpoint rejects malformed or oversized bodies before any storage access
  ---
  duration_ms: 37.763205
  type: 'test'
  ...
# Subtest: only complete metadata preceding top-level narration is admitted
ok 227 - only complete metadata preceding top-level narration is admitted
  ---
  duration_ms: 6.611633
  type: 'test'
  ...
# Subtest: nested narration and braces in escaped strings do not impersonate top-level fields
ok 228 - nested narration and braces in escaped strings do not impersonate top-level fields
  ---
  duration_ms: 0.492347
  type: 'test'
  ...
# Subtest: incomplete escapes and duplicate keys withhold unsafe admission
ok 229 - incomplete escapes and duplicate keys withhold unsafe admission
  ---
  duration_ms: 0.595846
  type: 'test'
  ...
# Subtest: sentence buffering holds unfinished assertions and never flushes arbitrary partial tails
ok 230 - sentence buffering holds unfinished assertions and never flushes arbitrary partial tails
  ---
  duration_ms: 0.496856
  type: 'test'
  ...
# Subtest: final draft rejects duplicate metadata after narration and nested duplicate effects
ok 231 - final draft rejects duplicate metadata after narration and nested duplicate effects
  ---
  duration_ms: 0.907725
  type: 'test'
  ...
# Subtest: performTurn narrative guard persists only canonical, verified narration
    # Subtest: external preset expired never silently commits offline narration
    ok 1 - external preset expired never silently commits offline narration
      ---
      duration_ms: 61.435298
      type: 'test'
      ...
    # Subtest: external preset provider never silently commits offline narration
    ok 2 - external preset provider never silently commits offline narration
      ---
      duration_ms: 93.572611
      type: 'test'
      ...
    # Subtest: external openrouter narrator commits without Gemini and scopes its quota
    ok 3 - external openrouter narrator commits without Gemini and scopes its quota
      ---
      duration_ms: 120.169741
      type: 'test'
      ...
    # Subtest: external pollinations narrator commits without Gemini and scopes its quota
    ok 4 - external pollinations narrator commits without Gemini and scopes its quota
      ---
      duration_ms: 66.294329
      type: 'test'
      ...
    # Subtest: condition recovery evidence is gated before verification: short
    ok 5 - condition recovery evidence is gated before verification: short
      ---
      duration_ms: 110.289164
      type: 'test'
      ...
    # Subtest: condition recovery evidence is gated before verification: recovery
    ok 6 - condition recovery evidence is gated before verification: recovery
      ---
      duration_ms: 77.087207
      type: 'test'
      ...
    # Subtest: condition recovery evidence is gated before verification: repair
    ok 7 - condition recovery evidence is gated before verification: repair
      ---
      duration_ms: 70.586995
      type: 'test'
      ...
    # Subtest: repair
    ok 8 - repair
      ---
      duration_ms: 109.834022
      type: 'test'
      ...
    # Subtest: unavailable
    ok 9 - unavailable
      ---
      duration_ms: 92.001331
      type: 'test'
      ...
    # Subtest: off
    ok 10 - off
      ---
      duration_ms: 73.408773
      type: 'test'
      ...
    # Subtest: preset does not commit an offline substitute when quota ledger fails after prefilter
    ok 11 - preset does not commit an offline substitute when quota ledger fails after prefilter
      ---
      duration_ms: 47.66037
      type: 'test'
      ...
    # Subtest: owner-missing-key
    ok 12 - owner-missing-key
      ---
      duration_ms: 79.947323
      type: 'test'
      ...
    # Subtest: owner-off
    ok 13 - owner-off
      ---
      duration_ms: 74.677724
      type: 'test'
      ...
    # Subtest: malformed
    ok 14 - malformed
      ---
      duration_ms: 61.15209
      type: 'test'
      ...
    # Subtest: duplicate
    ok 15 - duplicate
      ---
      duration_ms: 60.252008
      type: 'test'
      ...
    # Subtest: pants
    ok 16 - pants
      ---
      duration_ms: 108.377351
      type: 'test'
      ...
    # Subtest: description
    ok 17 - description
      ---
      duration_ms: 74.590987
      type: 'test'
      ...
    # Subtest: late-escalation
    ok 18 - late-escalation
      ---
      duration_ms: 83.537831
      type: 'test'
      ...
    # Subtest: agreement terms survive a long history, amendment, failed verification and replay
    ok 19 - agreement terms survive a long history, amendment, failed verification and replay
      ---
      duration_ms: 981.852667
      type: 'test'
      ...
    # Subtest: attempt diagnostics preserve truncation, cursor scope and expired-record filtering
    ok 20 - attempt diagnostics preserve truncation, cursor scope and expired-record filtering
      ---
      duration_ms: 29.394257
      type: 'test'
      ...
    # Subtest: missing personal key uses administrator Jev without exposing its credential in diagnostics
    ok 21 - missing personal key uses administrator Jev without exposing its credential in diagnostics
      ---
      duration_ms: 74.623477
      type: 'test'
      ...
    # Subtest: twenty consecutive story turns preserve amended terms and never propagate a rejected district claim
    ok 22 - twenty consecutive story turns preserve amended terms and never propagate a rejected district claim
      ---
      duration_ms: 1597.786361
      type: 'test'
      ...
    # Subtest: failed-roll acquisition requires independent evidence: false; unavailable: false
    ok 23 - failed-roll acquisition requires independent evidence: false; unavailable: false
      ---
      duration_ms: 56.474106
      type: 'test'
      ...
    # Subtest: failed-roll acquisition requires independent evidence: true; unavailable: false
    ok 24 - failed-roll acquisition requires independent evidence: true; unavailable: false
      ---
      duration_ms: 81.097936
      type: 'test'
      ...
    # Subtest: failed-roll acquisition requires independent evidence: true; unavailable: true
    ok 25 - failed-roll acquisition requires independent evidence: true; unavailable: true
      ---
      duration_ms: 78.972634
      type: 'test'
      ...
    # Subtest: uncertain Jev result is reviewed without regenerating or changing the turn
    ok 26 - uncertain Jev result is reviewed without regenerating or changing the turn
      ---
      duration_ms: 78.448847
      type: 'test'
      ...
    # Subtest: expired lease after verification cannot commit a late accepted draft
    ok 27 - expired lease after verification cannot commit a late accepted draft
      ---
      duration_ms: 54.074533
      type: 'test'
      ...
    # Subtest: committed gameplay returns before diagnostic persistence starts
    ok 28 - committed gameplay returns before diagnostic persistence starts
      ---
      duration_ms: 50.277513
      type: 'test'
      ...
    # Subtest: guarded offline preset needs no provider and persists deterministic consequences
    ok 29 - guarded offline preset needs no provider and persists deterministic consequences
      ---
      duration_ms: 41.813873
      type: 'test'
      ...
    1..29
ok 232 - performTurn narrative guard persists only canonical, verified narration
  ---
  duration_ms: 8722.757038
  type: 'test'
  ...
# Subtest: all atomic checks are batched once and only consistently confident answers pass
ok 233 - all atomic checks are batched once and only consistently confident answers pass
  ---
  duration_ms: 31.970142
  type: 'test'
  ...
# Subtest: contradictions, insufficient evidence and low confidence never pass
ok 234 - contradictions, insufficient evidence and low confidence never pass
  ---
  duration_ms: 4.920729
  type: 'test'
  ...
# Subtest: missing answers, malformed probabilities, wrong model and extra answers fail closed
ok 235 - missing answers, malformed probabilities, wrong model and extra answers fail closed
  ---
  duration_ms: 3.827331
  type: 'test'
  ...
# Subtest: no key, oversized state, HTTP error and abort are explicit and do not disclose provider bodies
ok 236 - no key, oversized state, HTTP error and abort are explicit and do not disclose provider bodies
  ---
  duration_ms: 10.01537
  type: 'test'
  ...
# Subtest: unchecked description consumes no provider call and has a distinct skipped status
ok 237 - unchecked description consumes no provider call and has a distinct skipped status
  ---
  duration_ms: 0.384666
  type: 'test'
  ...
# Subtest: OpenRouter credentials use only Decisions endpoint and requested Jev model
ok 238 - OpenRouter credentials use only Decisions endpoint and requested Jev model
  ---
  duration_ms: 1.818492
  type: 'test'
  ...
# Subtest: failed activity cleanup leaves a durable transfer block, not a play/login outage
ok 239 - failed activity cleanup leaves a durable transfer block, not a play/login outage
  ---
  duration_ms: 4418.584567
  type: 'test'
  ...
# Subtest: proxy repairs consumed guest cookies without granting access and keeps health independent
ok 240 - proxy repairs consumed guest cookies without granting access and keeps health independent
  ---
  duration_ms: 3207.417616
  type: 'test'
  ...
# Subtest: unsafe APIs reject same-site sibling origins before identity/storage access
ok 241 - unsafe APIs reject same-site sibling origins before identity/storage access
  ---
  duration_ms: 8.204294
  type: 'test'
  ...
# Subtest: initial and repaired guest cookies are Secure in production even behind an HTTP-origin proxy
ok 242 - initial and repaired guest cookies are Secure in production even behind an HTTP-origin proxy
  ---
  duration_ms: 3161.817967
  type: 'test'
  ...
# Subtest: scheduler rotates ready owners, respects scope and ignores in-flight and incompatible work
ok 243 - scheduler rotates ready owners, respects scope and ignores in-flight and incompatible work
  ---
  duration_ms: 3138.937158
  type: 'test'
  ...
# [request failed] Error
# Subtest: owner social API enforces ownership, active lease, stale snapshots and atomic semantic memory
ok 244 - owner social API enforces ownership, active lease, stale snapshots and atomic semantic memory
  ---
  duration_ms: 4422.47736
  type: 'test'
  ...
# Subtest: owner parser rejects invalid enums, oversize values, unknown fields and missing preconditions
ok 245 - owner parser rejects invalid enums, oversize values, unknown fields and missing preconditions
  ---
  duration_ms: 1.840602
  type: 'test'
  ...
# Subtest: owner schedule allows active overnight and rejects expired or unknown place
ok 246 - owner schedule allows active overnight and rejects expired or unknown place
  ---
  duration_ms: 2.567302
  type: 'test'
  ...
# Subtest: knowledge removal checks text, turn and provenance, and never asserts ignorance
ok 247 - knowledge removal checks text, turn and provenance, and never asserts ignorance
  ---
  duration_ms: 1.977399
  type: 'test'
  ...
# Subtest: owner limits reject additions without evicting knowledge or bonds
ok 248 - owner limits reject additions without evicting knowledge or bonds
  ---
  duration_ms: 1.860785
  type: 'test'
  ...
# Subtest: portable JSON and copy retain owner provenance and legacy scene defaults with strict validation
ok 249 - portable JSON and copy retain owner provenance and legacy scene defaults with strict validation
  ---
  duration_ms: 12.565212
  type: 'test'
  ...
# Subtest: strict portable JSON accepts every measured prompt section and rejects unknown ones
ok 250 - strict portable JSON accepts every measured prompt section and rejects unknown ones
  ---
  duration_ms: 7.705612
  type: 'test'
  ...
# Subtest: route templates never store campaign identifiers or unknown paths
ok 251 - route templates never store campaign identifiers or unknown paths
  ---
  duration_ms: 1.453936
  type: 'test'
  ...
# Subtest: vital batches are bounded, re-rated on the server and reject invalid values
ok 252 - vital batches are bounded, re-rated on the server and reject invalid values
  ---
  duration_ms: 1.512278
  type: 'test'
  ...
# Subtest: percentiles interpolate and summaries ignore non-finite values
ok 253 - percentiles interpolate and summaries ignore non-finite values
  ---
  duration_ms: 0.467576
  type: 'test'
  ...
# Subtest: vitals report rates each metric at p75 and splits devices and routes
ok 254 - vitals report rates each metric at p75 and splits devices and routes
  ---
  duration_ms: 1.146323
  type: 'test'
  ...
# Subtest: prompt budget measures sections without storing text and parses defensively
ok 255 - prompt budget measures sections without storing text and parses defensively
  ---
  duration_ms: 0.970745
  type: 'test'
  ...
# Subtest: turn report aggregates stored timings and prompt budgets per section
ok 256 - turn report aggregates stored timings and prompt budgets per section
  ---
  duration_ms: 1.666588
  type: 'test'
  ...
# Subtest: metric allowlist rejects inherited object properties
ok 257 - metric allowlist rejects inherited object properties
  ---
  duration_ms: 0.226492
  type: 'test'
  ...
# Subtest: section percentages use each turn denominator instead of a ratio of unrelated medians
ok 258 - section percentages use each turn denominator instead of a ratio of unrelated medians
  ---
  duration_ms: 0.599969
  type: 'test'
  ...
# Subtest: telemetry is disabled by default without reading body or reaching the database
ok 259 - telemetry is disabled by default without reading body or reaching the database
  ---
  duration_ms: 29.132761
  type: 'test'
  ...
# Subtest: telemetry store prunes old rows, bounds admission across calls, and reports bounded samples
ok 260 - telemetry store prunes old rows, bounds admission across calls, and reports bounded samples
  ---
  duration_ms: 4150.142245
  type: 'test'
  ...
# Subtest: performance report denies unauthenticated visitors before database reads
ok 261 - performance report denies unauthenticated visitors before database reads
  ---
  duration_ms: 59.811108
  type: 'test'
  ...
# Subtest: enabled telemetry rejects oversized and malformed bodies before database writes
ok 262 - enabled telemetry rejects oversized and malformed bodies before database writes
  ---
  duration_ms: 10.178992
  type: 'test'
  ...
# Subtest: wallet connection binds consent to owner, state, expiry and PKCE
ok 263 - wallet connection binds consent to owner, state, expiry and PKCE
  ---
  duration_ms: 38.654253
  type: 'test'
  ...
# Subtest: OAuth rejects untrusted discovery endpoints and invalid configuration
ok 264 - OAuth rejects untrusted discovery endpoints and invalid configuration
  ---
  duration_ms: 0.881128
  type: 'test'
  ...
# Subtest: service worker excludes APIs, RSC, queries, external and private image paths
ok 265 - service worker excludes APIs, RSC, queries, external and private image paths
  ---
  duration_ms: 32.204204
  type: 'test'
  ...
# Subtest: service worker never stores HTML, RSC, private or failed asset responses
ok 266 - service worker never stores HTML, RSC, private or failed asset responses
  ---
  duration_ms: 5.607152
  type: 'test'
  ...
# Subtest: new build refreshes its own shell, claims tabs and retains previous hashed chunks
ok 267 - new build refreshes its own shell, claims tabs and retains previous hashed chunks
  ---
  duration_ms: 10.144716
  type: 'test'
  ...
# Subtest: quota errors do not discard a successful network asset
ok 268 - quota errors do not discard a successful network asset
  ---
  duration_ms: 1.982054
  type: 'test'
  ...
# Subtest: failed install leaves the current worker in control
ok 269 - failed install leaves the current worker in control
  ---
  duration_ms: 3.580892
  type: 'test'
  ...
# Subtest: shared asset cache stays bounded across releases
ok 270 - shared asset cache stays bounded across releases
  ---
  duration_ms: 107.889571
  type: 'test'
  ...
# Subtest: legacy static caches migrate only immutable assets and offline fallback uses the current shell
ok 271 - legacy static caches migrate only immutable assets and offline fallback uses the current shell
  ---
  duration_ms: 3.793301
  type: 'test'
  ...
# Subtest: shell cleanup stays bounded without dropping current or previous shell
ok 272 - shell cleanup stays bounded without dropping current or previous shell
  ---
  duration_ms: 8.998905
  type: 'test'
  ...
# Subtest: missing chunks inform their tab and remain uncached
ok 273 - missing chunks inform their tab and remain uncached
  ---
  duration_ms: 1.586875
  type: 'test'
  ...
# Subtest: empty queues report no age or failed jobs
ok 274 - empty queues report no age or failed jobs
  ---
  duration_ms: 1.888962
  type: 'test'
  ...
# Subtest: queue snapshot includes both extraction and embedding backlogs using UTC database timestamps
ok 275 - queue snapshot includes both extraction and embedding backlogs using UTC database timestamps
  ---
  duration_ms: 0.732485
  type: 'test'
  ...
# Subtest: invalid dates and future clock skew cannot produce negative queue ages
ok 276 - invalid dates and future clock skew cannot produce negative queue ages
  ---
  duration_ms: 0.277879
  type: 'test'
  ...
# Subtest: timezone offsets are respected and invalid counts do not corrupt the snapshot
ok 277 - timezone offsets are respected and invalid counts do not corrupt the snapshot
  ---
  duration_ms: 0.302378
  type: 'test'
  ...
# Subtest: personal settings, draft retries and connection tests share the effective owner's app budgets
ok 278 - personal settings, draft retries and connection tests share the effective owner's app budgets
  ---
  duration_ms: 4347.277516
  type: 'test'
  ...
# Subtest: embedding batches, prewarm, cache misses and indexing all reserve before HTTP
ok 279 - embedding batches, prewarm, cache misses and indexing all reserve before HTTP
  ---
  duration_ms: 3385.201948
  type: 'test'
  ...
# Subtest: semantic job contention after preflight defers without spending a provider retry
ok 280 - semantic job contention after preflight defers without spending a provider retry
  ---
  duration_ms: 3152.238891
  type: 'test'
  ...
# Subtest: slow committed admission defers repeated semantic and embedding jobs without burning delivery retries
ok 281 - slow committed admission defers repeated semantic and embedding jobs without burning delivery retries
  ---
  duration_ms: 3404.981603
  type: 'test'
  ...
# Subtest: compaction reserves each HTTP attempt and exhausted quotas retain exact excerpts
ok 282 - compaction reserves each HTTP attempt and exhausted quotas retain exact excerpts
  ---
  duration_ms: 3155.656113
  type: 'test'
  ...
# Subtest: quota day uses Pacific DST and rejects invalid zones
ok 283 - quota day uses Pacific DST and rejects invalid zones
  ---
  duration_ms: 26.259918
  type: 'test'
  ...
# Subtest: real reservations carry legacy UTC logs once, count late logs and isolate budgets
ok 284 - real reservations carry legacy UTC logs once, count late logs and isolate budgets
  ---
  duration_ms: 3879.514804
  type: 'test'
  ...
# Subtest: real quota + transport counts retries, rotation, fallback and no-fetch denial
ok 285 - real quota + transport counts retries, rotation, fallback and no-fetch denial
  ---
  duration_ms: 3363.290092
  type: 'test'
  ...
# Subtest: database reachability alone does not report a fresh empty database ready
ok 286 - database reachability alone does not report a fresh empty database ready
  ---
  duration_ms: 3205.044192
  type: 'test'
  ...
# Subtest: readiness requires the shipped migration and working vector/hash functions
ok 287 - readiness requires the shipped migration and working vector/hash functions
  ---
  duration_ms: 3275.412998
  type: 'test'
  ...
# Subtest: health response hides internal capabilities and connection failures
ok 288 - health response hides internal capabilities and connection failures
  ---
  duration_ms: 2.57193
  type: 'test'
  ...
# Subtest: cached reading preferences are applied before the workspace request
ok 289 - cached reading preferences are applied before the workspace request
  ---
  duration_ms: 3.459391
  type: 'test'
  ...
# Subtest: invalid or unavailable browser cache cannot set untrusted attributes
ok 290 - invalid or unavailable browser cache cannot set untrusted attributes
  ---
  duration_ms: 2.572211
  type: 'test'
  ...
# Subtest: v2.2 request validation rejects coercion, empty actions and malformed IDs
ok 291 - v2.2 request validation rejects coercion, empty actions and malformed IDs
  ---
  duration_ms: 2.54149
  type: 'test'
  ...
# Subtest: v2.2 idempotency hash binds action, mode and base scene
ok 292 - v2.2 idempotency hash binds action, mode and base scene
  ---
  duration_ms: 0.588493
  type: 'test'
  ...
# Subtest: v2.2 JSON reader checks real streamed size without trusting Content-Length
ok 293 - v2.2 JSON reader checks real streamed size without trusting Content-Length
  ---
  duration_ms: 46.099296
  type: 'test'
  ...
# Subtest: v2.2 pending request parsing survives reload but ignores corrupted or foreign storage
ok 294 - v2.2 pending request parsing survives reload but ignores corrupted or foreign storage
  ---
  duration_ms: 1.187423
  type: 'test'
  ...
# Subtest: v2.2 canonical checksum is independent of PostgreSQL JSONB key order
ok 295 - v2.2 canonical checksum is independent of PostgreSQL JSONB key order
  ---
  duration_ms: 2.117908
  type: 'test'
  ...
# Subtest: v2.2 fork remaps all identities, canonical refs, links and retrieval provenance
ok 296 - v2.2 fork remaps all identities, canonical refs, links and retrieval provenance
  ---
  duration_ms: 2.346187
  type: 'test'
  ...
# Subtest: v2.2 snapshot rejects future-memory
ok 297 - v2.2 snapshot rejects future-memory
  ---
  duration_ms: 0.511174
  type: 'test'
  ...
# Subtest: v2.2 snapshot rejects foreign-item
ok 298 - v2.2 snapshot rejects foreign-item
  ---
  duration_ms: 0.279195
  type: 'test'
  ...
# Subtest: v2.2 snapshot rejects wrong-location
ok 299 - v2.2 snapshot rejects wrong-location
  ---
  duration_ms: 0.520663
  type: 'test'
  ...
# Subtest: v2.2 snapshot rejects duplicate-identity
ok 300 - v2.2 snapshot rejects duplicate-identity
  ---
  duration_ms: 0.601188
  type: 'test'
  ...
# Subtest: v2.2 snapshot rejects external-link
ok 301 - v2.2 snapshot rejects external-link
  ---
  duration_ms: 0.348839
  type: 'test'
  ...
# Subtest: v2.2 snapshot rejects missing-last-turn
ok 302 - v2.2 snapshot rejects missing-last-turn
  ---
  duration_ms: 0.236534
  type: 'test'
  ...
# Subtest: v2.2 snapshot rejects new-format
ok 303 - v2.2 snapshot rejects new-format
  ---
  duration_ms: 0.235417
  type: 'test'
  ...
# Subtest: v2.2 compaction chunks preserve all text without splitting Unicode surrogate pairs
ok 304 - v2.2 compaction chunks preserve all text without splitting Unicode surrogate pairs
  ---
  duration_ms: 2.339986
  type: 'test'
  ...
# Subtest: v2.2 queue retries use bounded exponential backoff
ok 305 - v2.2 queue retries use bounded exponential backoff
  ---
  duration_ms: 0.197806
  type: 'test'
  ...
# Subtest: v2.2 inventory context pins an explicitly referenced item beyond the first fourteen
ok 306 - v2.2 inventory context pins an explicitly referenced item beyond the first fourteen
  ---
  duration_ms: 85.551855
  type: 'test'
  ...
# Subtest: parseResolution: текстовый фолбэк без JSON
ok 307 - parseResolution: текстовый фолбэк без JSON
  ---
  duration_ms: 3.403498
  type: 'test'
  ...
# Subtest: applied resource deltas match final counters after caps, recovery and level-up
ok 308 - applied resource deltas match final counters after caps, recovery and level-up
  ---
  duration_ms: 6.34623
  type: 'test'
  ...
# Subtest: equipping unchanged or depleted inventory does not announce a successful change
ok 309 - equipping unchanged or depleted inventory does not announce a successful change
  ---
  duration_ms: 1.478369
  type: 'test'
  ...
# Subtest: new completed quests report 100 percent and capped relationships report the actual delta
ok 310 - new completed quests report 100 percent and capped relationships report the actual delta
  ---
  duration_ms: 1.882196
  type: 'test'
  ...
# Subtest: parseResolution: нормализует и клампит JSON
ok 311 - parseResolution: нормализует и клампит JSON
  ---
  duration_ms: 0.353234
  type: 'test'
  ...
# Subtest: reducer: расходник нельзя использовать дважды (INV-1h)
ok 312 - reducer: расходник нельзя использовать дважды (INV-1h)
  ---
  duration_ms: 0.609869
  type: 'test'
  ...
# Subtest: reducer: предмет не появляется из текста при провале; лимиты профиля narrative обнуляют ресурсы
ok 313 - reducer: предмет не появляется из текста при провале; лимиты профиля narrative обнуляют ресурсы
  ---
  duration_ms: 0.993197
  type: 'test'
  ...
# Subtest: reducer: переход в новую локацию создаёт узел и синхронизирует world.currentLocation (RES-1g)
ok 314 - reducer: переход в новую локацию создаёт узел и синхронизирует world.currentLocation (RES-1g)
  ---
  duration_ms: 1.007349
  type: 'test'
  ...
# Subtest: reducer: завершённый квест нельзя переоткрыть; мёртвый NPC не меняется
ok 315 - reducer: завершённый квест нельзя переоткрыть; мёртвый NPC не меняется
  ---
  duration_ms: 0.512912
  type: 'test'
  ...
# Subtest: dice: детерминированные броски и 2d6-полосы
ok 316 - dice: детерминированные броски и 2d6-полосы
  ---
  duration_ms: 1.856008
  type: 'test'
  ...
# Subtest: daily limits: пропускаем исчерпанные модели с учётом числа ключей
ok 317 - daily limits: пропускаем исчерпанные модели с учётом числа ключей
  ---
  duration_ms: 0.307751
  type: 'test'
  ...
# Subtest: extractor: факт без цитаты-доказательства отбрасывается
ok 318 - extractor: факт без цитаты-доказательства отбрасывается
  ---
  duration_ms: 0.713883
  type: 'test'
  ...
# Subtest: utils: slugify и cosine
ok 319 - utils: slugify и cosine
  ---
  duration_ms: 0.285427
  type: 'test'
  ...
# Subtest: v2.2 reducer: an unknown explicit item ref cannot fall back to an owned name
ok 320 - v2.2 reducer: an unknown explicit item ref cannot fall back to an owned name
  ---
  duration_ms: 0.329107
  type: 'test'
  ...
# Subtest: v2.2 reducer: colliding short item IDs are rejected rather than taking the first item
ok 321 - v2.2 reducer: colliding short item IDs are rejected rather than taking the first item
  ---
  duration_ms: 0.421225
  type: 'test'
  ...
# Subtest: UX-2b: palette turn queries accept ход/\#/turn and reject everything else
ok 322 - UX-2b: palette turn queries accept ход/\#/turn and reject everything else
  ---
  duration_ms: 1.440165
  type: 'test'
  ...
# Subtest: DS-2: WCAG contrast matches reference values and grades
ok 323 - DS-2: WCAG contrast matches reference values and grades
  ---
  duration_ms: 1.783484
  type: 'test'
  ...
# Subtest: PERF-4: percentiles, route normalisation and Server-Timing summaries
ok 324 - PERF-4: percentiles, route normalisation and Server-Timing summaries
  ---
  duration_ms: 1.158603
  type: 'test'
  ...
# Subtest: arc continuation is owner-only, atomic, non-repeatable and exported with its archived epilogue
ok 325 - arc continuation is owner-only, atomic, non-repeatable and exported with its archived epilogue
  ---
  duration_ms: 4408.500624
  type: 'test'
  ...
# Subtest: long travel and mere mention of a doctor are not rest or treatment
ok 326 - long travel and mere mention of a doctor are not rest or treatment
  ---
  duration_ms: 6.654944
  type: 'test'
  ...
# Subtest: another person's meal and discarded medicine cannot cure the hero
ok 327 - another person's meal and discarded medicine cannot cure the hero
  ---
  duration_ms: 1.356819
  type: 'test'
  ...
# Subtest: treating or observing another person cannot cure the hero
ok 328 - treating or observing another person cannot cure the hero
  ---
  duration_ms: 2.071249
  type: 'test'
  ...
# Subtest: schedule proposals fail closed without final evidence and for intentions
ok 329 - schedule proposals fail closed without final evidence and for intentions
  ---
  duration_ms: 2.219643
  type: 'test'
  ...
# Subtest: elapsed one-off slots and overlapping places do not create contradictory presence
ok 330 - elapsed one-off slots and overlapping places do not create contradictory presence
  ---
  duration_ms: 3.03302
  type: 'test'
  ...
# Subtest: split daily schedules preserve both windows at the same place
ok 331 - split daily schedules preserve both windows at the same place
  ---
  duration_ms: 0.697735
  type: 'test'
  ...
# Subtest: endpoints do not prove a missed appointment or authorize a relation penalty
ok 332 - endpoints do not prove a missed appointment or authorize a relation penalty
  ---
  duration_ms: 0.977843
  type: 'test'
  ...
# Subtest: continuation requires a complete arc, updates the active goal and copies its archive clock
ok 333 - continuation requires a complete arc, updates the active goal and copies its archive clock
  ---
  duration_ms: 0.915034
  type: 'test'
  ...
# Subtest: reading preferences turn malformed input into safe defaults
ok 334 - reading preferences turn malformed input into safe defaults
  ---
  duration_ms: 10.033625
  type: 'test'
  ...
# Subtest: world map graph removes duplicate, self and dangling routes
ok 335 - world map graph removes duplicate, self and dangling routes
  ---
  duration_ms: 5.956955
  type: 'test'
  ...
# Subtest: streamed JSON limit rejects a body larger than the declared budget
ok 336 - streamed JSON limit rejects a body larger than the declared budget
  ---
  duration_ms: 37.690498
  type: 'test'
  ...
# Subtest: v2.5 reading migration is additive and preserves legacy columns
ok 337 - v2.5 reading migration is additive and preserves legacy columns
  ---
  duration_ms: 1.20082
  type: 'test'
  ...
# Subtest: search DB work has a transaction-local timeout and releases its connection
ok 338 - search DB work has a transaction-local timeout and releases its connection
  ---
  duration_ms: 2.612078
  type: 'test'
  ...
# Subtest: failed queries destroy connections and do not retry unbounded legacy scans
ok 339 - failed queries destroy connections and do not retry unbounded legacy scans
  ---
  duration_ms: 1.041524
  type: 'test'
  ...
# Subtest: pool acquisition is bounded and late connections are released
ok 340 - pool acquisition is bounded and late connections are released
  ---
  duration_ms: 16.590483
  type: 'test'
  ...
# Subtest: settings writers seal Gemini, Jev, and narrative credentials for raw storage
ok 341 - settings writers seal Gemini, Jev, and narrative credentials for raw storage
  ---
  duration_ms: 4.83008
  type: 'test'
  ...
# Subtest: narrative provider-only changes do not decrypt under the new provider AAD
ok 342 - narrative provider-only changes do not decrypt under the new provider AAD
  ---
  duration_ms: 0.680934
  type: 'test'
  ...
# Subtest: clear-key writes are empty while settings views remain masked
ok 343 - clear-key writes are empty while settings views remain masked
  ---
  duration_ms: 0.590988
  type: 'test'
  ...
# Subtest: partial writers do not read or overwrite unrelated broken credentials
ok 344 - partial writers do not read or overwrite unrelated broken credentials
  ---
  duration_ms: 0.473876
  type: 'test'
  ...
# Subtest: rotation includes narrator provider keys and preserves their owner binding
ok 345 - rotation includes narrator provider keys and preserves their owner binding
  ---
  duration_ms: 3122.182055
  type: 'test'
  ...
# Subtest: rotation check and dry-run are read-only while apply reseals bounded fixtures
ok 346 - rotation check and dry-run are read-only while apply reseals bounded fixtures
  ---
  duration_ms: 2576.684584
  type: 'test'
  ...
# Subtest: rotation refuses unreadable data without overwriting its row
ok 347 - rotation refuses unreadable data without overwriting its row
  ---
  duration_ms: 3182.57203
  type: 'test'
  ...
# Subtest: rotation rejects malformed Gemini storage before resealing another credential
ok 348 - rotation rejects malformed Gemini storage before resealing another credential
  ---
  duration_ms: 2508.589373
  type: 'test'
  ...
# Subtest: rotation preserves a legacy SQL NULL keys value while rotating another credential
ok 349 - rotation preserves a legacy SQL NULL keys value while rotating another credential
  ---
  duration_ms: 2506.767132
  type: 'test'
  ...
# Subtest: rotation compare-and-swap preserves a concurrent provider credential update
ok 350 - rotation compare-and-swap preserves a concurrent provider credential update
  ---
  duration_ms: 2472.225123
  type: 'test'
  ...
# Subtest: authenticated envelopes use a fresh IV and are bound to owner and purpose
ok 351 - authenticated envelopes use a fresh IV and are bound to owner and purpose
  ---
  duration_ms: 3.469859
  type: 'test'
  ...
# Subtest: tampering, malformed envelopes, and unknown envelope versions are rejected
ok 352 - tampering, malformed envelopes, and unknown envelope versions are rejected
  ---
  duration_ms: 0.789634
  type: 'test'
  ...
# Subtest: keyrings require a valid active id and exact 32-byte base64 key material
ok 353 - keyrings require a valid active id and exact 32-byte base64 key material
  ---
  duration_ms: 0.564695
  type: 'test'
  ...
# Subtest: legacy plaintext is readable only with an explicit opt-in and empty values need no keyring
ok 354 - legacy plaintext is readable only with an explicit opt-in and empty values need no keyring
  ---
  duration_ms: 0.242128
  type: 'test'
  ...
# Subtest: old key material remains readable and can be resealed with the active key
ok 355 - old key material remains readable and can be resealed with the active key
  ---
  duration_ms: 1.050367
  type: 'test'
  ...
# Subtest: settings decoder uses distinct owner and provider contexts
ok 356 - settings decoder uses distinct owner and provider contexts
  ---
  duration_ms: 2.411099
  type: 'test'
  ...
# Subtest: server timing preserves response and existing metrics without consuming streaming bodies
ok 357 - server timing preserves response and existing metrics without consuming streaming bodies
  ---
  duration_ms: 30.128406
  type: 'test'
  ...
# Subtest: smoke fixtures install an isolated keyring readable under strict mode
ok 358 - smoke fixtures install an isolated keyring readable under strict mode
  ---
  duration_ms: 3.136426
  type: 'test'
  ...
# Subtest: shared smoke keyring decrypts across processes while an independent ring cannot
not ok 359 - shared smoke keyring decrypts across processes while an independent ring cannot
  ---
  duration_ms: 484.599657
  type: 'test'
  location: '/app/tests/smoke-secret-fixtures.test.ts:2:2223'
  failureType: 'testCodeFailure'
  error: |-
    Command failed: /home/jules/.nvm/versions/node/v22.22.1/bin/node --import tsx --input-type=module --eval import { openSecret } from './src/lib/secret-vault.ts'; openSecret(process.env.FIXTURE, process.env.CONTEXT);
    file:///app/[eval1]:1
    import { openSecret } from './src/lib/secret-vault.ts'; openSecret(process.env.FIXTURE, process.env.CONTEXT);
             ^^^^^^^^^^
    SyntaxError: The requested module './src/lib/secret-vault.ts' does not provide an export named 'openSecret'
        at ModuleJob._instantiate (node:internal/modules/esm/module_job:226:21)
        at async ModuleJob.run (node:internal/modules/esm/module_job:335:5)
        at async onImport.tracePromise.__proto__ (node:internal/modules/esm/loader:272:26)
        at async ModuleLoader.executeModuleJob (node:internal/modules/esm/loader:268:20)
        at async asyncRunEntryPointWithESMLoader (node:internal/modules/run_main:117:5)

    Node.js v22.22.1

  code: 1
  stack: |-
    ModuleJob._instantiate (node:internal/modules/esm/module_job:226:21)
    async ModuleJob.run (node:internal/modules/esm/module_job:335:5)
    async onImport.tracePromise.__proto__ (node:internal/modules/esm/loader:272:26)
    async ModuleLoader.executeModuleJob (node:internal/modules/esm/loader:268:20)
    async asyncRunEntryPointWithESMLoader (node:internal/modules/run_main:117:5)
    genericNodeError (node:internal/errors:983:15)
    wrappedFn (node:internal/errors:537:14)
    ChildProcess.exithandler (node:child_process:417:12)
    ChildProcess.emit (node:events:519:28)
    maybeClose (node:internal/child_process:1101:16)
    ChildProcess._handle.onexit (node:internal/child_process:304:5)
  ...
# Subtest: masking checks reject HTTP errors before inspecting response JSON
ok 360 - masking checks reject HTTP errors before inspecting response JSON
  ---
  duration_ms: 30.018159
  type: 'test'
  ...
# Subtest: concurrent startup calls share migration work and successful work is not repeated
ok 361 - concurrent startup calls share migration work and successful work is not repeated
  ---
  duration_ms: 1.271666
  type: 'test'
  ...
# Subtest: startup migration errors reject readiness without leaking details and allow a later retry
ok 362 - startup migration errors reject readiness without leaking details and allow a later retry
  ---
  duration_ms: 0.81097
  type: 'test'
  ...
# Subtest: instrumentation never initializes DB for disabled migration or non-Node runtime
ok 363 - instrumentation never initializes DB for disabled migration or non-Node runtime
  ---
  duration_ms: 0.43388
  type: 'test'
  ...
# Subtest: failed opt-in startup terminates even when the framework catches rejected preparation
ok 364 - failed opt-in startup terminates even when the framework catches rejected preparation
  ---
  duration_ms: 419.050565
  type: 'test'
  ...
# Subtest: route deadline includes stalled config/log work and propagates cancellation
ok 365 - route deadline includes stalled config/log work and propagates cancellation
  ---
  duration_ms: 48.529776
  type: 'test'
  ...
# Subtest: autofill rejects a short supplied pitch without rewriting it
ok 366 - autofill rejects a short supplied pitch without rewriting it
  ---
  duration_ms: 0.807882
  type: 'test'
  ...
# Subtest: creation highlights invalid authored lists and whitespace instead of truncating
ok 367 - creation highlights invalid authored lists and whitespace instead of truncating
  ---
  duration_ms: 0.512427
  type: 'test'
  ...
# Subtest: external narrator fills a draft without Gemini credentials or a Gemini-only model filter
ok 368 - external narrator fills a draft without Gemini credentials or a Gemini-only model filter
  ---
  duration_ms: 2.372123
  type: 'test'
  ...
# Subtest: draft validation rejects oversized user input instead of truncating it
ok 369 - draft validation rejects oversized user input instead of truncating it
  ---
  duration_ms: 0.437825
  type: 'test'
  ...
# Subtest: patch filtering preserves every non-empty user value and excludes rulesProfile
ok 370 - patch filtering preserves every non-empty user value and excludes rulesProfile
  ---
  duration_ms: 0.415439
  type: 'test'
  ...
# Subtest: patch filtering preserves each populated story text field
ok 371 - patch filtering preserves each populated story text field
  ---
  duration_ms: 0.757739
  type: 'test'
  ...
# Subtest: whitespace-only draft fields are fillable while whitespace-only generated values are invalid
ok 372 - whitespace-only draft fields are fillable while whitespace-only generated values are invalid
  ---
  duration_ms: 0.450304
  type: 'test'
  ...
# Subtest: autofill skips the provider when every text field is populated
ok 373 - autofill skips the provider when every text field is populated
  ---
  duration_ms: 0.530009
  type: 'test'
  ...
# Subtest: autofill uses only Lite, fills missing fields and logs creation without a session
ok 374 - autofill uses only Lite, fills missing fields and logs creation without a session
  ---
  duration_ms: 1.025385
  type: 'test'
  ...
# Subtest: autofill repairs malformed output once inside the shared 30 second deadline
ok 375 - autofill repairs malformed output once inside the shared 30 second deadline
  ---
  duration_ms: 0.72204
  type: 'test'
  ...
# Subtest: autofill never makes a second repair attempt
ok 376 - autofill never makes a second repair attempt
  ---
  duration_ms: 0.61376
  type: 'test'
  ...
# Subtest: autofill rechecks Lite quota before spending the repair call
ok 377 - autofill rechecks Lite quota before spending the repair call
  ---
  duration_ms: 0.721087
  type: 'test'
  ...
# Subtest: autofill HTTP preserves race-time admission errors after Lite prefilter passes
    # Subtest: QUOTA_EXHAUSTED
    ok 1 - QUOTA_EXHAUSTED
      ---
      duration_ms: 3.033895
      type: 'test'
      ...
    # Subtest: QUOTA_UNAVAILABLE
    ok 2 - QUOTA_UNAVAILABLE
      ---
      duration_ms: 1.531002
      type: 'test'
      ...
    # Subtest: QUOTA_ADMISSION_TIMEOUT
    ok 3 - QUOTA_ADMISSION_TIMEOUT
      ---
      duration_ms: 1.39283
      type: 'test'
      ...
    1..3
ok 378 - autofill HTTP preserves race-time admission errors after Lite prefilter passes
  ---
  duration_ms: 6.68933
  type: 'test'
  ...
# Subtest: provider failures do not expose remote response bodies
ok 379 - provider failures do not expose remote response bodies
  ---
  duration_ms: 0.566357
  type: 'test'
  ...
# Subtest: autofill reports AI_REQUIRED before provider or quota work when live AI is unavailable
ok 380 - autofill reports AI_REQUIRED before provider or quota work when live AI is unavailable
  ---
  duration_ms: 0.37474
  type: 'test'
  ...
# Subtest: generated lists must stay within item count, item length and form length limits
ok 381 - generated lists must stay within item count, item length and form length limits
  ---
  duration_ms: 0.588629
  type: 'test'
  ...
# Subtest: generated list items cannot hide more than six comma-delimited values
ok 382 - generated list items cannot hide more than six comma-delimited values
  ---
  duration_ms: 0.288616
  type: 'test'
  ...
# Subtest: creation routing is always Lite-only regardless of the user's routing profile
ok 383 - creation routing is always Lite-only regardless of the user's routing profile
  ---
  duration_ms: 0.224297
  type: 'test'
  ...
# Subtest: autofill HTTP handler accepts {draft} and exposes structured domain errors
ok 384 - autofill HTTP handler accepts {draft} and exposes structured domain errors
  ---
  duration_ms: 2.712744
  type: 'test'
  ...
# Subtest: client guard discards a whole patch after edits, mode changes or a newer request
ok 385 - client guard discards a whole patch after edits, mode changes or a newer request
  ---
  duration_ms: 0.268619
  type: 'test'
  ...
# Subtest: real-provider evaluation corpus contains 24 valid Russian draft scenarios
ok 386 - real-provider evaluation corpus contains 24 valid Russian draft scenarios
  ---
  duration_ms: 1.41804
  type: 'test'
  ...
# Subtest: evaluation scorer checks completeness, preservation and final server validity
ok 387 - evaluation scorer checks completeness, preservation and final server validity
  ---
  duration_ms: 0.430064
  type: 'test'
  ...
# Subtest: unit-test bootstrap overrides inherited database and removes real-provider configuration
ok 388 - unit-test bootstrap overrides inherited database and removes real-provider configuration
  ---
  duration_ms: 252.055242
  type: 'test'
  ...
# Subtest: OpenRouter catalog includes only text input/output and confirms schema only explicitly
ok 389 - OpenRouter catalog includes only text input/output and confirms schema only explicitly
  ---
  duration_ms: 2.289694
  type: 'test'
  ...
# Subtest: Pollinations preserves canonical names and does not invent missing capabilities
ok 390 - Pollinations preserves canonical names and does not invent missing capabilities
  ---
  duration_ms: 0.476165
  type: 'test'
  ...
# Subtest: invalid provider query does not fetch
ok 391 - invalid provider query does not fetch
  ---
  duration_ms: 27.145928
  type: 'test'
  ...
# Subtest: catalog loader uses public fixed endpoint without credentials and caches successful results
ok 392 - catalog loader uses public fixed endpoint without credentials and caches successful results
  ---
  duration_ms: 9.354077
  type: 'test'
  ...
# Subtest: provider failures and oversized catalog bodies return sanitized errors and are not cached
ok 393 - provider failures and oversized catalog bodies return sanitized errors and are not cached
  ---
  duration_ms: 9.127529
  type: 'test'
  ...
# Subtest: catalog deadline remains active through a stalled response body
ok 394 - catalog deadline remains active through a stalled response body
  ---
  duration_ms: 5001.07888
  type: 'test'
  ...
# Subtest: external provider quota is isolated from Gemini keys and model names
ok 395 - external provider quota is isolated from Gemini keys and model names
  ---
  duration_ms: 1.245789
  type: 'test'
  ...
# Subtest: text provider settings persist owner-scoped sealed credentials without exposing them
ok 396 - text provider settings persist owner-scoped sealed credentials without exposing them
  ---
  duration_ms: 4226.133876
  type: 'test'
  ...
# Subtest: provider settings reject unbounded input and incompatible key operations
ok 397 - provider settings reject unbounded input and incompatible key operations
  ---
  duration_ms: 2.312863
  type: 'test'
  ...
# Subtest: external providers use fixed endpoints, selected raw model and only configured bearer key
ok 398 - external providers use fixed endpoints, selected raw model and only configured bearer key
  ---
  duration_ms: 41.416782
  type: 'test'
  ...
# Subtest: Gemini default retains its existing key and endpoint contract
ok 399 - Gemini default retains its existing key and endpoint contract
  ---
  duration_ms: 2.263833
  type: 'test'
  ...
# Subtest: schema conversion preserves constraints and original schema without propertyOrdering
ok 400 - schema conversion preserves constraints and original schema without propertyOrdering
  ---
  duration_ms: 1.210142
  type: 'test'
  ...
# Subtest: partial SSE frames stream only content and collect trailing usage
ok 401 - partial SSE frames stream only content and collect trailing usage
  ---
  duration_ms: 2.801555
  type: 'test'
  ...
# Subtest: external failure retries only selected model, resets drafts, and re-admits quota
ok 402 - external failure retries only selected model, resets drafts, and re-admits quota
  ---
  duration_ms: 253.712754
  type: 'test'
  ...
# Subtest: permanent provider errors and network failures never expose response bodies or secrets
ok 403 - permanent provider errors and network failures never expose response bodies or secrets
  ---
  duration_ms: 254.362335
  type: 'test'
  ...
# Subtest: denied quota and failed quota storage fail closed without fetch
ok 404 - denied quota and failed quota storage fail closed without fetch
  ---
  duration_ms: 1.066675
  type: 'test'
  ...
# Subtest: admission cancellation and deadlines cannot permit a late fetch
ok 405 - admission cancellation and deadlines cannot permit a late fetch
  ---
  duration_ms: 262.515939
  type: 'test'
  ...
# Subtest: missing external key never borrows Gemini keys
ok 406 - missing external key never borrows Gemini keys
  ---
  duration_ms: 0.590362
  type: 'test'
  ...
# Subtest: schema conversion preserves a property named propertyOrdering and open maps
ok 407 - schema conversion preserves a property named propertyOrdering and open maps
  ---
  duration_ms: 2.112359
  type: 'test'
  ...
# Subtest: non-streaming incomplete replies and oversized bodies cannot succeed
ok 408 - non-streaming incomplete replies and oversized bodies cannot succeed
  ---
  duration_ms: 1522.525576
  type: 'test'
  ...
# Subtest: response-body deadline and caller cancellation close stalled readers
ok 409 - response-body deadline and caller cancellation close stalled readers
  ---
  duration_ms: 263.050037
  type: 'test'
  ...
# Subtest: SSE provider errors are sanitized and a denied retry reports prior provider attempts
ok 410 - SSE provider errors are sanitized and a denied retry reports prior provider attempts
  ---
  duration_ms: 251.036122
  type: 'test'
  ...
# Subtest: explicit zero token usage remains zero rather than estimates
ok 411 - explicit zero token usage remains zero rather than estimates
  ---
  duration_ms: 0.973173
  type: 'test'
  ...
# Subtest: history joins concurrent paging and keeps each turn role once
ok 412 - history joins concurrent paging and keeps each turn role once
  ---
  duration_ms: 12.793687
  type: 'test'
  ...
# Subtest: history reaches a target beyond twenty pages without dropping progress
ok 413 - history reaches a target beyond twenty pages without dropping progress
  ---
  duration_ms: 2.025472
  type: 'test'
  ...
# Subtest: history reports missing targets and rejects pages without progress
ok 414 - history reports missing targets and rejects pages without progress
  ---
  duration_ms: 1.048457
  type: 'test'
  ...
# Subtest: cancelled requests cannot publish stale history
ok 415 - cancelled requests cannot publish stale history
  ---
  duration_ms: 0.516869
  type: 'test'
  ...
# Subtest: snapshot refresh updates current turns without discarding loaded history
ok 416 - snapshot refresh updates current turns without discarding loaded history
  ---
  duration_ms: 0.446601
  type: 'test'
  ...
# Subtest: turn transport emits draft before commit, and background runs after work
ok 417 - turn transport emits draft before commit, and background runs after work
  ---
  duration_ms: 38.478227
  type: 'test'
  ...
# Subtest: JSON compatibility carries phase timing and structured failures
ok 418 - JSON compatibility carries phase timing and structured failures
  ---
  duration_ms: 4.276706
  type: 'test'
  ...
# Subtest: JSON turn response distinguishes local quota outage and admission timeout
ok 419 - JSON turn response distinguishes local quota outage and admission timeout
  ---
  duration_ms: 2.551057
  type: 'test'
  ...
# Subtest: narration preview decodes only complete escapes and never exposes JSON state
ok 420 - narration preview decodes only complete escapes and never exposes JSON state
  ---
  duration_ms: 8.145923
  type: 'test'
  ...
# Subtest: NDJSON turn reader handles split UTF8 and rejects EOF without committed result
ok 421 - NDJSON turn reader handles split UTF8 and rejects EOF without committed result
  ---
  duration_ms: 35.982173
  type: 'test'
  ...
# Subtest: TypeSafe request batches at most six facts and marks player action as intent
ok 422 - TypeSafe request batches at most six facts and marks player action as intent
  ---
  duration_ms: 2.879614
  type: 'test'
  ...
# Subtest: TypeSafe response validator requires every bounded choice answer
ok 423 - TypeSafe response validator requires every bounded choice answer
  ---
  duration_ms: 1.232048
  type: 'test'
  ...
# Subtest: disabled, missing-key and empty paths make zero provider calls
ok 424 - disabled, missing-key and empty paths make zero provider calls
  ---
  duration_ms: 0.535577
  type: 'test'
  ...
# Subtest: provider call uses bearer auth, has no retries, and validates the complete response
ok 425 - provider call uses bearer auth, has no retries, and validates the complete response
  ---
  duration_ms: 29.476131
  type: 'test'
  ...
# Subtest: five-second timeout covers response body reading and still makes one attempt
ok 426 - five-second timeout covers response body reading and still makes one attempt
  ---
  duration_ms: 15.01716
  type: 'test'
  ...
# Subtest: pilot config lookup and provider errors become diagnostics instead of worker failures
ok 427 - pilot config lookup and provider errors become diagnostics instead of worker failures
  ---
  duration_ms: 0.835222
  type: 'test'
  ...
# Subtest: disabled pilot returns diagnostics without invoking the verifier
ok 428 - disabled pilot returns diagnostics without invoking the verifier
  ---
  duration_ms: 0.452683
  type: 'test'
  ...
# Subtest: enabled pilot without a key returns diagnostics without invoking the verifier
ok 429 - enabled pilot without a key returns diagnostics without invoking the verifier
  ---
  duration_ms: 0.374023
  type: 'test'
  ...
# Subtest: environment key has priority and settings views expose only masks
ok 430 - environment key has priority and settings views expose only masks
  ---
  duration_ms: 0.605113
  type: 'test'
  ...
# Subtest: real-provider evaluation corpus has 60 balanced labelled Russian examples
ok 431 - real-provider evaluation corpus has 60 balanced labelled Russian examples
  ---
  duration_ms: 1.734155
  type: 'test'
  ...
# Subtest: evaluation scorer reports confusion, errors, latency and token totals
ok 432 - evaluation scorer reports confusion, errors, latency and token totals
  ---
  duration_ms: 0.435368
  type: 'test'
  ...
# Subtest: administrative navigation defaults closed for loading, guests and ordinary accounts
ok 433 - administrative navigation defaults closed for loading, guests and ordinary accounts
  ---
  duration_ms: 1.387643
  type: 'test'
  ...
# Subtest: partial or inconsistent identity responses never become an authenticated UI state
ok 434 - partial or inconsistent identity responses never become an authenticated UI state
  ---
  duration_ms: 0.961125
  type: 'test'
  ...
# Subtest: registration preserving the profile keeps drafts; login/logout changing profile resets scoped data
ok 435 - registration preserving the profile keeps drafts; login/logout changing profile resets scoped data
  ---
  duration_ms: 0.447858
  type: 'test'
  ...
# Subtest: a later refresh or identity change invalidates old workspace results
ok 436 - a later refresh or identity change invalidates old workspace results
  ---
  duration_ms: 0.37261
  type: 'test'
  ...
# Subtest: server readiness permits an external narrator without direct Gemini keys
ok 437 - server readiness permits an external narrator without direct Gemini keys
  ---
  duration_ms: 1.126761
  type: 'test'
  ...
# Subtest: server rejection overrides enabled AI and available direct Gemini credentials
ok 438 - server rejection overrides enabled AI and available direct Gemini credentials
  ---
  duration_ms: 0.184861
  type: 'test'
  ...
# Subtest: legacy settings retain enabled direct Gemini readiness
ok 439 - legacy settings retain enabled direct Gemini readiness
  ---
  duration_ms: 0.262639
  type: 'test'
  ...
# Subtest: update draft is bounded, expires, and never crosses identity/campaign
ok 440 - update draft is bounded, expires, and never crosses identity/campaign
  ---
  duration_ms: 2.235337
  type: 'test'
  ...
# Subtest: pending recovery preserves the saved draft until it can safely restore
ok 441 - pending recovery preserves the saved draft until it can safely restore
  ---
  duration_ms: 0.479118
  type: 'test'
  ...
# Subtest: completed current identity refresh is not blocked by an older hung refresh
ok 442 - completed current identity refresh is not blocked by an older hung refresh
  ---
  duration_ms: 0.304456
  type: 'test'
  ...
# Subtest: draft is consumed once; mismatched identity removes it; unavailable storage refuses nonempty draft
ok 443 - draft is consumed once; mismatched identity removes it; unavailable storage refuses nonempty draft
  ---
  duration_ms: 0.839426
  type: 'test'
  ...
# Subtest: embedding contract: stable Embedding 2 and asymmetric text task prefixes
ok 444 - embedding contract: stable Embedding 2 and asymmetric text task prefixes
  ---
  duration_ms: 1.875941
  type: 'test'
  ...
# Subtest: vector validation rejects incompatible, empty, non-finite and zero vectors
ok 445 - vector validation rejects incompatible, empty, non-finite and zero vectors
  ---
  duration_ms: 0.998017
  type: 'test'
  ...
# Subtest: memory precedence: delayed extraction never rolls back or overwrites canonical state
ok 446 - memory precedence: delayed extraction never rolls back or overwrites canonical state
  ---
  duration_ms: 0.321163
  type: 'test'
  ...
# Subtest: extractor: intentions, partial quotations, NaN and malformed facts are not evidence
ok 447 - extractor: intentions, partial quotations, NaN and malformed facts are not evidence
  ---
  duration_ms: 1.073185
  type: 'test'
  ...
# Subtest: offline engine reuses the authoritative dice result instead of rolling again
ok 448 - offline engine reuses the authoritative dice result instead of rolling again
  ---
  duration_ms: 3.093636
  type: 'test'
  ...
# Subtest: genre/profile/mode contract: нуар × d20 × preset
ok 449 - genre/profile/mode contract: нуар × d20 × preset
  ---
  duration_ms: 3.43398
  type: 'test'
  ...
# Subtest: genre/profile/mode contract: киберпанк × d20 × preset
ok 450 - genre/profile/mode contract: киберпанк × d20 × preset
  ---
  duration_ms: 0.609923
  type: 'test'
  ...
# Subtest: genre/profile/mode contract: бытовая драма × d20 × preset
ok 451 - genre/profile/mode contract: бытовая драма × d20 × preset
  ---
  duration_ms: 0.354805
  type: 'test'
  ...
# Subtest: genre/profile/mode contract: хоррор × d20 × preset
ok 452 - genre/profile/mode contract: хоррор × d20 × preset
  ---
  duration_ms: 0.459825
  type: 'test'
  ...
# Subtest: genre/profile/mode contract: научная фантастика × d20 × preset
ok 453 - genre/profile/mode contract: научная фантастика × d20 × preset
  ---
  duration_ms: 0.606871
  type: 'test'
  ...
# Subtest: genre/profile/mode contract: фэнтези × d20 × preset
ok 454 - genre/profile/mode contract: фэнтези × d20 × preset
  ---
  duration_ms: 0.309062
  type: 'test'
  ...
# Subtest: genre/profile/mode contract: нуар × d20 × free
ok 455 - genre/profile/mode contract: нуар × d20 × free
  ---
  duration_ms: 0.2457
  type: 'test'
  ...
# Subtest: genre/profile/mode contract: киберпанк × d20 × free
ok 456 - genre/profile/mode contract: киберпанк × d20 × free
  ---
  duration_ms: 0.209154
  type: 'test'
  ...
# Subtest: genre/profile/mode contract: бытовая драма × d20 × free
ok 457 - genre/profile/mode contract: бытовая драма × d20 × free
  ---
  duration_ms: 1.167351
  type: 'test'
  ...
# Subtest: genre/profile/mode contract: хоррор × d20 × free
ok 458 - genre/profile/mode contract: хоррор × d20 × free
  ---
  duration_ms: 0.463428
  type: 'test'
  ...
# Subtest: genre/profile/mode contract: научная фантастика × d20 × free
ok 459 - genre/profile/mode contract: научная фантастика × d20 × free
  ---
  duration_ms: 0.264161
  type: 'test'
  ...
# Subtest: genre/profile/mode contract: фэнтези × d20 × free
ok 460 - genre/profile/mode contract: фэнтези × d20 × free
  ---
  duration_ms: 0.154229
  type: 'test'
  ...
# Subtest: genre/profile/mode contract: нуар × rules-light × preset
ok 461 - genre/profile/mode contract: нуар × rules-light × preset
  ---
  duration_ms: 0.132812
  type: 'test'
  ...
# Subtest: genre/profile/mode contract: киберпанк × rules-light × preset
ok 462 - genre/profile/mode contract: киберпанк × rules-light × preset
  ---
  duration_ms: 0.19508
  type: 'test'
  ...
# Subtest: genre/profile/mode contract: бытовая драма × rules-light × preset
ok 463 - genre/profile/mode contract: бытовая драма × rules-light × preset
  ---
  duration_ms: 0.127437
  type: 'test'
  ...
# Subtest: genre/profile/mode contract: хоррор × rules-light × preset
ok 464 - genre/profile/mode contract: хоррор × rules-light × preset
  ---
  duration_ms: 0.117603
  type: 'test'
  ...
# Subtest: genre/profile/mode contract: научная фантастика × rules-light × preset
ok 465 - genre/profile/mode contract: научная фантастика × rules-light × preset
  ---
  duration_ms: 0.119987
  type: 'test'
  ...
# Subtest: genre/profile/mode contract: фэнтези × rules-light × preset
ok 466 - genre/profile/mode contract: фэнтези × rules-light × preset
  ---
  duration_ms: 0.122006
  type: 'test'
  ...
# Subtest: genre/profile/mode contract: нуар × rules-light × free
ok 467 - genre/profile/mode contract: нуар × rules-light × free
  ---
  duration_ms: 0.112822
  type: 'test'
  ...
# Subtest: genre/profile/mode contract: киберпанк × rules-light × free
ok 468 - genre/profile/mode contract: киберпанк × rules-light × free
  ---
  duration_ms: 0.178929
  type: 'test'
  ...
# Subtest: genre/profile/mode contract: бытовая драма × rules-light × free
ok 469 - genre/profile/mode contract: бытовая драма × rules-light × free
  ---
  duration_ms: 0.144304
  type: 'test'
  ...
# Subtest: genre/profile/mode contract: хоррор × rules-light × free
ok 470 - genre/profile/mode contract: хоррор × rules-light × free
  ---
  duration_ms: 0.116941
  type: 'test'
  ...
# Subtest: genre/profile/mode contract: научная фантастика × rules-light × free
ok 471 - genre/profile/mode contract: научная фантастика × rules-light × free
  ---
  duration_ms: 0.113886
  type: 'test'
  ...
# Subtest: genre/profile/mode contract: фэнтези × rules-light × free
ok 472 - genre/profile/mode contract: фэнтези × rules-light × free
  ---
  duration_ms: 0.119223
  type: 'test'
  ...
# Subtest: genre/profile/mode contract: нуар × narrative × preset
ok 473 - genre/profile/mode contract: нуар × narrative × preset
  ---
  duration_ms: 0.325752
  type: 'test'
  ...
# Subtest: genre/profile/mode contract: киберпанк × narrative × preset
ok 474 - genre/profile/mode contract: киберпанк × narrative × preset
  ---
  duration_ms: 0.161461
  type: 'test'
  ...
# Subtest: genre/profile/mode contract: бытовая драма × narrative × preset
ok 475 - genre/profile/mode contract: бытовая драма × narrative × preset
  ---
  duration_ms: 0.194159
  type: 'test'
  ...
# Subtest: genre/profile/mode contract: хоррор × narrative × preset
ok 476 - genre/profile/mode contract: хоррор × narrative × preset
  ---
  duration_ms: 0.135044
  type: 'test'
  ...
# Subtest: genre/profile/mode contract: научная фантастика × narrative × preset
ok 477 - genre/profile/mode contract: научная фантастика × narrative × preset
  ---
  duration_ms: 0.119817
  type: 'test'
  ...
# Subtest: genre/profile/mode contract: фэнтези × narrative × preset
ok 478 - genre/profile/mode contract: фэнтези × narrative × preset
  ---
  duration_ms: 0.112558
  type: 'test'
  ...
# Subtest: genre/profile/mode contract: нуар × narrative × free
ok 479 - genre/profile/mode contract: нуар × narrative × free
  ---
  duration_ms: 0.201162
  type: 'test'
  ...
# Subtest: genre/profile/mode contract: киберпанк × narrative × free
ok 480 - genre/profile/mode contract: киберпанк × narrative × free
  ---
  duration_ms: 0.126562
  type: 'test'
  ...
# Subtest: genre/profile/mode contract: бытовая драма × narrative × free
ok 481 - genre/profile/mode contract: бытовая драма × narrative × free
  ---
  duration_ms: 0.121017
  type: 'test'
  ...
# Subtest: genre/profile/mode contract: хоррор × narrative × free
ok 482 - genre/profile/mode contract: хоррор × narrative × free
  ---
  duration_ms: 0.113667
  type: 'test'
  ...
# Subtest: genre/profile/mode contract: научная фантастика × narrative × free
ok 483 - genre/profile/mode contract: научная фантастика × narrative × free
  ---
  duration_ms: 0.123206
  type: 'test'
  ...
# Subtest: genre/profile/mode contract: фэнтези × narrative × free
ok 484 - genre/profile/mode contract: фэнтези × narrative × free
  ---
  duration_ms: 0.113503
  type: 'test'
  ...
# Subtest: eight complete presets include non-fantasy authored worlds
ok 485 - eight complete presets include non-fantasy authored worlds
  ---
  duration_ms: 0.321781
  type: 'test'
  ...
# Subtest: guest credentials are random, stable and cannot be replaced with the public profile id
ok 486 - guest credentials are random, stable and cannot be replaced with the public profile id
  ---
  duration_ms: 8.700004
  type: 'test'
  ...
# Subtest: campaign policy isolates private and legacy campaigns and makes publication read-only
ok 487 - campaign policy isolates private and legacy campaigns and makes publication read-only
  ---
  duration_ms: 5.276283
  type: 'test'
  ...
# Subtest: admin model choices contain only official text-to-image endpoint models
ok 488 - admin model choices contain only official text-to-image endpoint models
  ---
  duration_ms: 2.337514
  type: 'test'
  ...
# Subtest: catalogue downloads are bounded before parsing external model data
ok 489 - catalogue downloads are bounded before parsing external model data
  ---
  duration_ms: 37.05176
  type: 'test'
  ...
# Subtest: visual model selection has one durable row in the append-only migration ledger
ok 490 - visual model selection has one durable row in the append-only migration ledger
  ---
  duration_ms: 3815.533686
  type: 'test'
  ...
# Subtest: worker processes have distinct stable heartbeat keys, separate from owner-scoped request ticks
ok 491 - worker processes have distinct stable heartbeat keys, separate from owner-scoped request ticks
  ---
  duration_ms: 1.176647
  type: 'test'
  ...
# Subtest: separate Node processes generate independent default worker identities
ok 492 - separate Node processes generate independent default worker identities
  ---
  duration_ms: 273.213038
  type: 'test'
  ...
# Subtest: stopping one worker does not mark another live instance stopped
ok 493 - stopping one worker does not mark another live instance stopped
  ---
  duration_ms: 1.052705
  type: 'test'
  ...
# Subtest: legacy and new heartbeat rows coexist without making stopped or stale processes online
ok 494 - legacy and new heartbeat rows coexist without making stopped or stale processes online
  ---
  duration_ms: 0.265649
  type: 'test'
  ...
# Subtest: worker health reports absent instances and clamps future clock skew
ok 495 - worker health reports absent instances and clamps future clock skew
  ---
  duration_ms: 0.308508
  type: 'test'
  ...
# Subtest: SIGTERM during awaited startup closes the pool without starting or heartbeating the worker
ok 496 - SIGTERM during awaited startup closes the pool without starting or heartbeating the worker
  ---
  duration_ms: 434.861224
  type: 'test'
  ...
# Subtest: startup migration failure logs its safe code instead of the generic error name
ok 497 - startup migration failure logs its safe code instead of the generic error name
  ---
  duration_ms: 362.318313
  type: 'test'
  ...
# Subtest: old campaigns read an empty agenda without injecting agenda instructions
ok 498 - old campaigns read an empty agenda without injecting agenda instructions
  ---
  duration_ms: 2.461959
  type: 'test'
  ...
# Subtest: parseAgendaChanges clips, defaults kind and drops empty entries
ok 499 - parseAgendaChanges clips, defaults kind and drops empty entries
  ---
  duration_ms: 0.935456
  type: 'test'
  ...
# Subtest: the resolution parser carries agenda proposals through stateChanges
ok 500 - the resolution parser carries agenda proposals through stateChanges
  ---
  duration_ms: 1.074359
  type: 'test'
  ...
# Subtest: scheduling: relative and absolute times, next-day rollover, npc binding and rejections
ok 501 - scheduling: relative and absolute times, next-day rollover, npc binding and rejections
  ---
  duration_ms: 2.543401
  type: 'test'
  ...
# Subtest: claims never schedule events; questions may reveal world events but not npc goals
ok 502 - claims never schedule events; questions may reveal world events but not npc goals
  ---
  duration_ms: 0.776218
  type: 'test'
  ...
# Subtest: clock passing an event marks it due; only narrated evidence can complete it
ok 503 - clock passing an event marks it due; only narrated evidence can complete it
  ---
  duration_ms: 2.060886
  type: 'test'
  ...
# Subtest: a due event may still be cancelled before narration confirms it
ok 504 - a due event may still be cancelled before narration confirms it
  ---
  duration_ms: 0.321452
  type: 'test'
  ...
# Subtest: cancel by ref or title, duplicates merge, npc goals upsert
ok 505 - cancel by ref or title, duplicates merge, npc goals upsert
  ---
  duration_ms: 0.842917
  type: 'test'
  ...
# Subtest: NPC goals reject dead or ambiguous people, and separate participants keep separate events
ok 506 - NPC goals reject dead or ambiguous people, and separate participants keep separate events
  ---
  duration_ms: 0.661451
  type: 'test'
  ...
# Subtest: pending events are capped so a runaway model cannot flood the agenda
ok 507 - pending events are capped so a runaway model cannot flood the agenda
  ---
  duration_ms: 3.954619
  type: 'test'
  ...
# Subtest: event proposals use the clock at turn start and can fire when this turn crosses their time
ok 508 - event proposals use the clock at turn start and can fire when this turn crosses their time
  ---
  duration_ms: 0.530574
  type: 'test'
  ...
# Subtest: an already planned event can be confirmed in the same turn that crosses its time
ok 509 - an already planned event can be confirmed in the same turn that crosses its time
  ---
  duration_ms: 0.311901
  type: 'test'
  ...
# Subtest: same-title events at different times on one day remain separate
ok 510 - same-title events at different times on one day remain separate
  ---
  duration_ms: 0.263598
  type: 'test'
  ...
# Subtest: new agenda facts need a quote in the final narration when committed by a turn
ok 511 - new agenda facts need a quote in the final narration when committed by a turn
  ---
  duration_ms: 0.45144
  type: 'test'
  ...
# [request failed] Error
# Subtest: owner commitment route protects ownership, stale versions, leases and atomic memory writes
ok 512 - owner commitment route protects ownership, stale versions, leases and atomic memory writes
  ---
  duration_ms: 4284.231607
  type: 'test'
  ...
# Subtest: strict portable JSON and remapped snapshots retain owner correction provenance
ok 513 - strict portable JSON and remapped snapshots retain owner correction provenance
  ---
  duration_ms: 22.846585
  type: 'test'
  ...
# Subtest: owner outcomes, rescheduling and reopening preserve provenance and input
ok 514 - owner outcomes, rescheduling and reopening preserve provenance and input
  ---
  duration_ms: 14.491708
  type: 'test'
  ...
# Subtest: content versions detect changes at saturated history and within one turn
ok 515 - content versions detect changes at saturated history and within one turn
  ---
  duration_ms: 2.547923
  type: 'test'
  ...
# Subtest: parser bounds input and reducer rejects past times and capacity overflow
ok 516 - parser bounds input and reducer rejects past times and capacity overflow
  ---
  duration_ms: 2.600383
  type: 'test'
  ...
# Subtest: later narrative rescheduling retains bounded owner history and labels its own source
ok 517 - later narrative rescheduling retains bounded owner history and labels its own source
  ---
  duration_ms: 7.42333
  type: 'test'
  ...
# Subtest: owner parser preserves imported Unicode and spaced identifiers exactly
ok 518 - owner parser preserves imported Unicode and spaced identifiers exactly
  ---
  duration_ms: 4.793057
  type: 'test'
  ...
# Subtest: repeated same-turn correction cycles never revive a stale token after history saturation
ok 519 - repeated same-turn correction cycles never revive a stale token after history saturation
  ---
  duration_ms: 12.319529
  type: 'test'
  ...
# Subtest: legacy revisions start at zero and the revision cap rejects owner and narrative changes
ok 520 - legacy revisions start at zero and the revision cap rejects owner and narrative changes
  ---
  duration_ms: 2.425207
  type: 'test'
  ...
# Subtest: old campaigns read safe defaults for clock, story shape, commitments and holdings
ok 521 - old campaigns read safe defaults for clock, story shape, commitments and holdings
  ---
  duration_ms: 2.461847
  type: 'test'
  ...
# Subtest: clock advances across days and formats part of day
ok 522 - clock advances across days and formats part of day
  ---
  duration_ms: 0.450191
  type: 'test'
  ...
# Subtest: intent classifier separates action, intention, claim and question
ok 523 - intent classifier separates action, intention, claim and question
  ---
  duration_ms: 2.76958
  type: 'test'
  ...
# Subtest: accepted transfer moves the item to a present NPC once, with memory and holding
ok 524 - accepted transfer moves the item to a present NPC once, with memory and holding
  ---
  duration_ms: 1.910465
  type: 'test'
  ...
# Subtest: an item added back to the hero clears its holding record
ok 525 - an item added back to the hero clears its holding record
  ---
  duration_ms: 0.548572
  type: 'test'
  ...
# Subtest: intention, refusal, missing item and double-touch never deduct the item
ok 526 - intention, refusal, missing item and double-touch never deduct the item
  ---
  duration_ms: 1.454351
  type: 'test'
  ...
# Subtest: claimed agreements stay proposals; accepted ones get deadlines and alerts
ok 527 - claimed agreements stay proposals; accepted ones get deadlines and alerts
  ---
  duration_ms: 0.977515
  type: 'test'
  ...
# Subtest: an invalid commitment time is rejected instead of silently becoming noon
ok 528 - an invalid commitment time is rejected instead of silently becoming noon
  ---
  duration_ms: 0.498377
  type: 'test'
  ...
# Subtest: story shape drives chapter boundaries and arc resolution
ok 529 - story shape drives chapter boundaries and arc resolution
  ---
  duration_ms: 0.674518
  type: 'test'
  ...
# Subtest: resolution schema and parser carry life changes
ok 530 - resolution schema and parser carry life changes
  ---
  duration_ms: 1.753597
  type: 'test'
  ...
# Subtest: claims cannot complete quests; questions do not move or spend
ok 531 - claims cannot complete quests; questions do not move or spend
  ---
  duration_ms: 0.40663
  type: 'test'
  ...
# Subtest: button text and free text resolve to the same interaction contract
ok 532 - button text and free text resolve to the same interaction contract
  ---
  duration_ms: 5.899233
  type: 'test'
  ...
# Subtest: server availability checks: presence, ownership, reachability
ok 533 - server availability checks: presence, ownership, reachability
  ---
  duration_ms: 2.049251
  type: 'test'
  ...
# Subtest: server rejects references to missing objects, holdings and locations
ok 534 - server rejects references to missing objects, holdings and locations
  ---
  duration_ms: 0.430053
  type: 'test'
  ...
# Subtest: a transfer requires the recipient to be present in the current location
ok 535 - a transfer requires the recipient to be present in the current location
  ---
  duration_ms: 0.332384
  type: 'test'
  ...
# Subtest: returning one item decrements a larger holding instead of erasing it
ok 536 - returning one item decrements a larger holding instead of erasing it
  ---
  duration_ms: 0.414313
  type: 'test'
  ...
# Subtest: applied change chips describe life consequences
ok 537 - applied change chips describe life consequences
  ---
  duration_ms: 0.93858
  type: 'test'
  ...
# Subtest: visual prompts are bounded, contain no service IDs and seeds are stable
ok 538 - visual prompts are bounded, contain no service IDs and seeds are stable
  ---
  duration_ms: 1.746282
  type: 'test'
  ...
# Subtest: provider responses must be real images of bounded size
ok 539 - provider responses must be real images of bounded size
  ---
  duration_ms: 38.416295
  type: 'test'
  ...
# Subtest: a schedule revealed by the scene becomes a structured slot; presence is computed from the world clock
ok 540 - a schedule revealed by the scene becomes a structured slot; presence is computed from the world clock
  ---
  duration_ms: 5.525883
  type: 'test'
  ...
# Subtest: unconfirmed, claimed, malformed or ambiguous schedules are rejected
ok 541 - unconfirmed, claimed, malformed or ambiguous schedules are rejected
  ---
  duration_ms: 1.563095
  type: 'test'
  ...
# Subtest: overnight and one-off windows, and place matching by whole words
ok 542 - overnight and one-off windows, and place matching by whole words
  ---
  duration_ms: 0.255832
  type: 'test'
  ...
# Subtest: bonds explain relation changes with reason and source turn; knowledge requires narrative evidence
ok 543 - bonds explain relation changes with reason and source turn; knowledge requires narrative evidence
  ---
  duration_ms: 1.215996
  type: 'test'
  ...
# Subtest: overdue meetings are visible without inferring absence or changing relationships
ok 544 - overdue meetings are visible without inferring absence or changing relationships
  ---
  duration_ms: 0.818115
  type: 'test'
  ...
# Subtest: rescheduling is a distinct outcome: history keeps the old time and attendance is reset
ok 545 - rescheduling is a distinct outcome: history keeps the old time and attendance is reset
  ---
  duration_ms: 1.765756
  type: 'test'
  ...
# Subtest: model proposals are parsed defensively
ok 546 - model proposals are parsed defensively
  ---
  duration_ms: 0.610025
  type: 'test'
  ...
# Subtest: portable JSON keeps people, schedules, arc history and new applied fields, and still rejects unknown keys
ok 547 - portable JSON keeps people, schedules, arc history and new applied fields, and still rejects unknown keys
  ---
  duration_ms: 9.120235
  type: 'test'
  ...
1..547
# tests 579
# suites 0
# pass 578
# fail 1
# cancelled 0
# skipped 0
# todo 0
# duration_ms 297865.27018
